Microchip MPLAB XC8 Compiler V2.10 ()

Linker command line:

-W-3 --edf=C:\Program Files (x86)\Microchip\xc8\v2.10\pic\dat\en_msgs.txt \
  -cs -h+dist/default/production\vl6180x_multiple_device.X.production.sym \
  --cmf=dist/default/production\vl6180x_multiple_device.X.production.cmf -z \
  -Q16F19176 -oC:\Users\andre\AppData\Local\Temp\ss8.2 \
  --defsym=__MPLAB_BUILD=1 \
  -Mdist/default/production/vl6180x_multiple_device.X.production.map -E1 \
  -ver=XC8 --acfsm=1493 -ASTACK=020DEh-027EFh -pstack=STACK \
  -ACODE=00h-07FFhx8 -ASTRCODE=00h-03FFFh -ASTRING=00h-0FFhx64 \
  -ACONST=00h-0FFhx64 -AENTRY=00h-0FFhx64 -ACOMMON=070h-07Fh \
  -ABANK0=020h-06Fh -ABANK1=0A0h-0EFh -ABANK2=0120h-016Fh \
  -ABANK3=01A0h-01EFh -ABANK4=0220h-026Fh -ABANK5=02A0h-02EFh \
  -ABANK6=0320h-036Fh -ABANK7=03A0h-03EFh -ABANK8=0420h-046Fh \
  -ABANK9=04A0h-04EFh -ABANK10=0520h-056Fh -ABANK11=05A0h-05EFh \
  -ABANK12=0620h-066Fh -ABANK13=06A0h-06EFh -ABANK14=0720h-076Fh \
  -ABANK15=07A0h-07EFh -ABANK16=0820h-086Fh -ABANK17=08A0h-08EFh \
  -ABANK18=0920h-096Fh -ABANK19=09A0h-09EFh -ABANK20=0A20h-0A6Fh \
  -ABANK21=0AA0h-0AEFh -ABANK22=0B20h-0B6Fh -ABANK23=0BA0h-0BEFh \
  -ABANK24=0C20h-0C6Fh -ABANK25=0CA0h-0CBFh -ABIGRAM=02000h-027EFh \
  -ARAM=020h-06Fh,0A0h-0EFh,0120h-016Fh,01A0h-01EFh,0220h-026Fh,02A0h-02EFh,0320h-036Fh,03A0h-03EFh,0420h-046Fh,04A0h-04EFh,0520h-056Fh,05A0h-05EFh,0620h-066Fh,06A0h-06EFh,0720h-076Fh,07A0h-07EFh,0820h-086Fh,08A0h-08EFh,0920h-096Fh,09A0h-09EFh,0A20h-0A6Fh,0AA0h-0AEFh,0B20h-0B6Fh,0BA0h-0BEFh,0C20h-0C6Fh,0CA0h-0CBFh \
  -AABS1=020h-07Fh,0A0h-0EFh,0120h-016Fh,01A0h-01EFh,0220h-026Fh,02A0h-02EFh,0320h-036Fh,03A0h-03EFh,0420h-046Fh,04A0h-04EFh,0520h-056Fh,05A0h-05EFh,0620h-066Fh,06A0h-06EFh,0720h-076Fh,07A0h-07EFh,0820h-086Fh,08A0h-08EFh,0920h-096Fh,09A0h-09EFh,0A20h-0A6Fh,0AA0h-0AEFh,0B20h-0B6Fh,0BA0h-0BEFh,0C20h-0C6Fh,0CA0h-0CBFh \
  -ASFR0=00h-01Fh -ASFR1=080h-09Fh -ASFR2=0100h-011Fh -ASFR3=0180h-019Fh \
  -ASFR4=0200h-021Fh -ASFR5=0280h-029Fh -ASFR6=0300h-031Fh \
  -ASFR7=0380h-039Fh -ASFR8=0400h-041Fh -ASFR9=0480h-049Fh \
  -ASFR10=0500h-051Fh -ASFR11=0580h-059Fh -ASFR12=0600h-061Fh \
  -ASFR13=0680h-069Fh -ASFR14=0700h-071Fh -ASFR15=0780h-079Fh \
  -ASFR16=0800h-081Fh -ASFR17=0880h-089Fh -ASFR18=0900h-091Fh \
  -ASFR19=0980h-099Fh -ASFR20=0A00h-0A1Fh -ASFR21=0A80h-0A9Fh \
  -ASFR22=0B00h-0B1Fh -ASFR23=0B80h-0B9Fh -ASFR24=0C00h-0C1Fh \
  -ASFR25=0C80h-0C9Fh -ASFR26=0D00h-0D6Fh -ASFR27=0D80h-0DEFh \
  -ASFR28=0E00h-0E6Fh -ASFR29=0E80h-0EEFh -ASFR30=0F00h-0F6Fh \
  -ASFR31=0F80h-0FEFh -ASFR32=01000h-0106Fh -ASFR33=01080h-010EFh \
  -ASFR34=01100h-0116Fh -ASFR35=01180h-011EFh -ASFR36=01200h-0126Fh \
  -ASFR37=01280h-012EFh -ASFR38=01300h-0136Fh -ASFR39=01380h-013EFh \
  -ASFR40=01400h-0146Fh -ASFR41=01480h-014EFh -ASFR42=01500h-0156Fh \
  -ASFR43=01580h-015EFh -ASFR44=01600h-0166Fh -ASFR45=01680h-016EFh \
  -ASFR46=01700h-0176Fh -ASFR47=01780h-017EFh -ASFR48=01800h-0186Fh \
  -ASFR49=01880h-018EFh -ASFR50=01900h-0196Fh -ASFR51=01980h-019EFh \
  -ASFR52=01A00h-01A6Fh -ASFR53=01A80h-01AEFh -ASFR54=01B00h-01B6Fh \
  -ASFR55=01B80h-01BEFh -ASFR56=01C00h-01C6Fh -ASFR57=01C80h-01CEFh \
  -ASFR58=01D00h-01D6Fh -ASFR59=01D80h-01DEFh -ASFR60=01E00h-01E6Fh \
  -ASFR61=01E80h-01EEFh -ASFR62=01F00h-01F6Fh -ASFR63=01F80h-01FEFh \
  -preset_vec=00h,intentry=04h,init,end_init -ppowerup=CODE -pcinit=CODE \
  -pfunctab=ENTRY -ACONFIG=08007h-0800Bh -pconfig=CONFIG -DCONFIG=2 \
  -AIDLOC=08000h-08003h -pidloc=IDLOC -DIDLOC=2 -AEEDATA=00h-0FFh/0F000h \
  -peeprom_data=EEDATA -DEEDATA=2 -DCODE=2 -DSTRCODE=2 -DSTRING=2 -DCONST=2 \
  -DENTRY=2 -k C:\Users\andre\AppData\Local\Temp\ss8.o \
  dist/default/production\vl6180x_multiple_device.X.production.o 

Object code version is 3.11

Machine type is 16F19176



                Name                               Link     Load   Length Selector   Space Scale
C:\Users\andre\AppData\Local\Temp\ss8.o
                end_init                             1C       1C        2        8       0
                reset_vec                             0        0        2        0       0
                config                             8007     8007        5    1000E       0
dist/default/production\vl6180x_multiple_device.X.production.o
                cinit                                1E       1E       1C        8       0
                intentry                              4        4       18        8       0
                text50                              F0D      F0D       10     1E1A       0
                text49                              E96      E96        5     1D2C       0
                text48                              EFE      EFE        F     1DFC       0
                text47                              EA0      EA0        6     1D40       0
                text46                              EA6      EA6        6     1D4C       0
                text45                              EAC      EAC        6     1D58       0
                text44                              F8D      F8D       22     1F1A       0
                text43                              ED2      ED2        9     1DA4       0
                text42                              EE5      EE5        B     1DCA       0
                text41                              72F      72F       49        8       0
                text40                              ECA      ECA        8     1D94       0
                text39                              F1D      F1D       10     1E3A       0
                text38                              E64      E64        3     1CC8       0
                text37                              E67      E67        3     1CCE       0
                text36                              E6A      E6A        3     1CD4       0
                text35                              EB2      EB2        6     1D64       0
                text34                              E8E      E8E        4     1D1C       0
                text33                              EF0      EF0        E     1DE0       0
                text32                              E92      E92        4     1D24       0
                text31                              E9B      E9B        5     1D36       0
                text30                              E6D      E6D        3     1CDA       0
                text29                              E70      E70        3     1CE0       0
                text28                              E73      E73        3     1CE6       0
                text27                              EB8      EB8        6     1D70       0
                text26                              337      337       FA        8       0
                text25                              E76      E76        3     1CEC       0
                text24                              E79      E79        3     1CF2       0
                text23                              E7C      E7C        3     1CF8       0
                text22                              E7F      E7F        3     1CFE       0
                text21                              E82      E82        3     1D04       0
                text20                              E85      E85        3     1D0A       0
                text19                              E88      E88        3     1D10       0
                text18                              E8B      E8B        3     1D16       0
                text17                              F6E      F6E       1F     1EDC       0
                text16                              7E3      7E3       1B        8       0
                text15                              431      431       C4        8       0
                text14                              F3F      F3F       15     1E7E       0
                text13                              662      662       77        8       0
                text12                              4F5      4F5       BC        8       0
                text11                               3A       3A      1F2        8       0
                text10                              EDB      EDB        A     1DB6       0
                text9                               EBE      EBE        6     1D7C       0
                text8                               778      778       3F        8       0
                text7                               FD7      FD7       29     1FAE       0
                text6                               F54      F54       1A     1EA8       0
                text5                               6D9      6D9       56        8       0
                text4                               7B7      7B7       2C        8       0
                text3                               5B1      5B1       B1        8       0
                text2                               FAF      FAF       28     1F5E       0
                text1                               F2D      F2D       12     1E5A       0
                maintext                            22C      22C      10B        8       0
                cstackBANK0                          20       20       45       20       1
                cstackCOMMON                         70       70        E       70       1
                clrtext                             EC4      EC4        6     1D88       0
                bssBANK2                            120      120       3E      120       1
                bssBANK1                             A0       A0       34       A0       1
                bssBANK0                             65       65        A       20       1
                stringtext2                        1005     1005        3     2000       0
                stringtext1                        1000     1000        5     2000       0
                nvBANK1                              D4       D4        7       A0       1
                nvBANK0                              6F       6F        1       20       1

TOTAL           Name                               Link     Load   Length     Space
        CLASS   STACK          

        CLASS   CODE           
                end_init                             1C       1C        2         0
                cinit                                1E       1E       1C         0
                intentry                              4        4       18         0
                reset_vec                             0        0        2         0
                text50                              F0D      F0D       10         0
                text49                              E96      E96        5         0
                text48                              EFE      EFE        F         0
                text47                              EA0      EA0        6         0
                text46                              EA6      EA6        6         0
                text45                              EAC      EAC        6         0
                text44                              F8D      F8D       22         0
                text43                              ED2      ED2        9         0
                text42                              EE5      EE5        B         0
                text41                              72F      72F       49         0
                text40                              ECA      ECA        8         0
                text39                              F1D      F1D       10         0
                text38                              E64      E64        3         0
                text37                              E67      E67        3         0
                text36                              E6A      E6A        3         0
                text35                              EB2      EB2        6         0
                text34                              E8E      E8E        4         0
                text33                              EF0      EF0        E         0
                text32                              E92      E92        4         0
                text31                              E9B      E9B        5         0
                text30                              E6D      E6D        3         0
                text29                              E70      E70        3         0
                text28                              E73      E73        3         0
                text27                              EB8      EB8        6         0
                text26                              337      337       FA         0
                text25                              E76      E76        3         0
                text24                              E79      E79        3         0
                text23                              E7C      E7C        3         0
                text22                              E7F      E7F        3         0
                text21                              E82      E82        3         0
                text20                              E85      E85        3         0
                text19                              E88      E88        3         0
                text18                              E8B      E8B        3         0
                text17                              F6E      F6E       1F         0
                text16                              7E3      7E3       1B         0
                text15                              431      431       C4         0
                text14                              F3F      F3F       15         0
                text13                              662      662       77         0
                text12                              4F5      4F5       BC         0
                text11                               3A       3A      1F2         0
                text10                              EDB      EDB        A         0
                text9                               EBE      EBE        6         0
                text8                               778      778       3F         0
                text7                               FD7      FD7       29         0
                text6                               F54      F54       1A         0
                text5                               6D9      6D9       56         0
                text4                               7B7      7B7       2C         0
                text3                               5B1      5B1       B1         0
                text2                               FAF      FAF       28         0
                text1                               F2D      F2D       12         0
                maintext                            22C      22C      10B         0
                clrtext                             EC4      EC4        6         0

        CLASS   STRCODE        
                stringtext2                        1005     1005        3         0
                stringtext1                        1000     1000        5         0

        CLASS   STRING         

        CLASS   CONST          

        CLASS   ENTRY          

        CLASS   COMMON         
                cstackCOMMON                         70       70        E         1

        CLASS   BANK0          
                cstackBANK0                          20       20       45         1
                bssBANK0                             65       65        A         1
                nvBANK0                              6F       6F        1         1

        CLASS   BANK1          
                bssBANK1                             A0       A0       34         1
                nvBANK1                              D4       D4        7         1

        CLASS   BANK2          
                bssBANK2                            120      120       3E         1

        CLASS   BANK3          

        CLASS   BANK4          

        CLASS   BANK5          

        CLASS   BANK6          

        CLASS   BANK7          

        CLASS   BANK8          

        CLASS   BANK9          

        CLASS   BANK10         

        CLASS   BANK11         

        CLASS   BANK12         

        CLASS   BANK13         

        CLASS   BANK14         

        CLASS   BANK15         

        CLASS   BANK16         

        CLASS   BANK17         

        CLASS   BANK18         

        CLASS   BANK19         

        CLASS   BANK20         

        CLASS   BANK21         

        CLASS   BANK22         

        CLASS   BANK23         

        CLASS   BANK24         

        CLASS   BANK25         

        CLASS   BIGRAM         

        CLASS   RAM            

        CLASS   ABS1           
                abs_s1                               7E       7E        2         1

        CLASS   SFR0           

        CLASS   SFR1           

        CLASS   SFR2           

        CLASS   SFR3           

        CLASS   SFR4           

        CLASS   SFR5           

        CLASS   SFR6           

        CLASS   SFR7           

        CLASS   SFR8           

        CLASS   SFR9           

        CLASS   SFR10          

        CLASS   SFR11          

        CLASS   SFR12          

        CLASS   SFR13          

        CLASS   SFR14          

        CLASS   SFR15          

        CLASS   SFR16          

        CLASS   SFR17          

        CLASS   SFR18          

        CLASS   SFR19          

        CLASS   SFR20          

        CLASS   SFR21          

        CLASS   SFR22          

        CLASS   SFR23          

        CLASS   SFR24          

        CLASS   SFR25          

        CLASS   SFR26          

        CLASS   SFR27          

        CLASS   SFR28          

        CLASS   SFR29          

        CLASS   SFR30          

        CLASS   SFR31          

        CLASS   SFR32          

        CLASS   SFR33          

        CLASS   SFR34          

        CLASS   SFR35          

        CLASS   SFR36          

        CLASS   SFR37          

        CLASS   SFR38          

        CLASS   SFR39          

        CLASS   SFR40          

        CLASS   SFR41          

        CLASS   SFR42          

        CLASS   SFR43          

        CLASS   SFR44          

        CLASS   SFR45          

        CLASS   SFR46          

        CLASS   SFR47          

        CLASS   SFR48          

        CLASS   SFR49          

        CLASS   SFR50          

        CLASS   SFR51          

        CLASS   SFR52          

        CLASS   SFR53          

        CLASS   SFR54          

        CLASS   SFR55          

        CLASS   SFR56          

        CLASS   SFR57          

        CLASS   SFR58          

        CLASS   SFR59          

        CLASS   SFR60          

        CLASS   SFR61          

        CLASS   SFR62          

        CLASS   SFR63          

        CLASS   CONFIG         
                config                             8007     8007        5         0

        CLASS   IDLOC          

        CLASS   EEDATA         

        CLASS   BANK63         

        CLASS   BANK62         

        CLASS   BANK61         

        CLASS   BANK60         

        CLASS   BANK59         

        CLASS   BANK58         

        CLASS   BANK57         

        CLASS   BANK56         

        CLASS   BANK55         

        CLASS   BANK54         

        CLASS   BANK53         

        CLASS   BANK52         

        CLASS   BANK51         

        CLASS   BANK50         

        CLASS   BANK49         

        CLASS   BANK48         

        CLASS   BANK47         

        CLASS   BANK46         

        CLASS   BANK45         

        CLASS   BANK44         

        CLASS   BANK43         

        CLASS   BANK42         

        CLASS   BANK41         

        CLASS   BANK40         

        CLASS   BANK39         

        CLASS   BANK38         

        CLASS   BANK37         

        CLASS   BANK36         

        CLASS   BANK35         

        CLASS   BANK34         

        CLASS   BANK33         

        CLASS   BANK32         

        CLASS   BANK31         

        CLASS   BANK30         

        CLASS   BANK29         

        CLASS   BANK28         

        CLASS   BANK27         

        CLASS   BANK26         



SEGMENTS        Name                           Load    Length   Top    Selector   Space  Class     Delta

                reset_vec                      000000  000002  000002         0       0  CODE        2
                intentry                       000004  0007FA  0007FE         8       0  CODE        2
                cstackBANK0                    000020  000050  000070        20       1  BANK0       1
                cstackCOMMON                   000070  00000E  00007E        70       1  COMMON      1
                bssBANK1                       0000A0  00003B  0000DB        A0       1  BANK1       1
                bssBANK2                       000120  00003E  00015E       120       1  BANK2       1
                text38                         000E64  000003  000E67      1CC8       0  CODE        2
                text37                         000E67  000003  000E6A      1CCE       0  CODE        2
                text36                         000E6A  000003  000E6D      1CD4       0  CODE        2
                text30                         000E6D  000003  000E70      1CDA       0  CODE        2
                text29                         000E70  000003  000E73      1CE0       0  CODE        2
                text28                         000E73  000003  000E76      1CE6       0  CODE        2
                text25                         000E76  000003  000E79      1CEC       0  CODE        2
                text24                         000E79  000003  000E7C      1CF2       0  CODE        2
                text23                         000E7C  000003  000E7F      1CF8       0  CODE        2
                text22                         000E7F  000003  000E82      1CFE       0  CODE        2
                text21                         000E82  000003  000E85      1D04       0  CODE        2
                text20                         000E85  000003  000E88      1D0A       0  CODE        2
                text19                         000E88  000003  000E8B      1D10       0  CODE        2
                text18                         000E8B  000003  000E8E      1D16       0  CODE        2
                text34                         000E8E  000004  000E92      1D1C       0  CODE        2
                text32                         000E92  000004  000E96      1D24       0  CODE        2
                text49                         000E96  000005  000E9B      1D2C       0  CODE        2
                text31                         000E9B  000005  000EA0      1D36       0  CODE        2
                text47                         000EA0  000006  000EA6      1D40       0  CODE        2
                text46                         000EA6  000006  000EAC      1D4C       0  CODE        2
                text45                         000EAC  000006  000EB2      1D58       0  CODE        2
                text35                         000EB2  000006  000EB8      1D64       0  CODE        2
                text27                         000EB8  000006  000EBE      1D70       0  CODE        2
                text9                          000EBE  000006  000EC4      1D7C       0  CODE        2
                clrtext                        000EC4  000006  000ECA      1D88       0  CODE        2
                text40                         000ECA  000008  000ED2      1D94       0  CODE        2
                text43                         000ED2  000009  000EDB      1DA4       0  CODE        2
                text10                         000EDB  00000A  000EE5      1DB6       0  CODE        2
                text42                         000EE5  00000B  000EF0      1DCA       0  CODE        2
                text33                         000EF0  00000E  000EFE      1DE0       0  CODE        2
                text48                         000EFE  00000F  000F0D      1DFC       0  CODE        2
                text50                         000F0D  000010  000F1D      1E1A       0  CODE        2
                text39                         000F1D  000010  000F2D      1E3A       0  CODE        2
                text1                          000F2D  000012  000F3F      1E5A       0  CODE        2
                text14                         000F3F  000015  000F54      1E7E       0  CODE        2
                text6                          000F54  00001A  000F6E      1EA8       0  CODE        2
                text17                         000F6E  00001F  000F8D      1EDC       0  CODE        2
                text44                         000F8D  000022  000FAF      1F1A       0  CODE        2
                text2                          000FAF  000028  000FD7      1F5E       0  CODE        2
                text7                          000FD7  000029  001000      1FAE       0  CODE        2
                stringtext1                    001000  000008  001008      2000       0  STRCODE     2
                config                         008007  000005  00800C     1000E       0  CONFIG      2


UNUSED ADDRESS RANGES

        Name                Unused          Largest block    Delta
        BANK1            000DB-000EF              15           1
        BANK10           00520-0056F              50           1
        BANK11           005A0-005EF              50           1
        BANK12           00620-0066F              50           1
        BANK13           006A0-006EF              50           1
        BANK14           00720-0076F              50           1
        BANK15           007A0-007EF              50           1
        BANK16           00820-0086F              50           1
        BANK17           008A0-008EF              50           1
        BANK18           00920-0096F              50           1
        BANK19           009A0-009EF              50           1
        BANK2            0015E-0016F              12           1
        BANK20           00A20-00A6F              50           1
        BANK21           00AA0-00AEF              50           1
        BANK22           00B20-00B6F              50           1
        BANK23           00BA0-00BEF              50           1
        BANK24           00C20-00C6F              50           1
        BANK25           00CA0-00CBF              20           1
        BANK3            001A0-001EF              50           1
        BANK4            00220-0026F              50           1
        BANK5            002A0-002EF              50           1
        BANK6            00320-0036F              50           1
        BANK7            003A0-003EF              50           1
        BANK8            00420-0046F              50           1
        BANK9            004A0-004EF              50           1
        BIGRAM           02000-027EF             7F0           1
        CODE             00002-00003               2           2
                         007FE-00E63               2
                         01008-03FFF             800
        CONST            00002-00003               2           2
                         007FE-00E63             100
                         01008-03FFF             100
        EEDATA           0F000-0F0FF             100           2
        ENTRY            00002-00003               2           2
                         007FE-00E63             100
                         01008-03FFF             100
        IDLOC            08000-08003               4           2
        RAM              000DB-000EF              15           1
                         0015E-0016F              12
                         001A0-001EF              50
                         00220-0026F              50
                         002A0-002EF              50
                         00320-0036F              50
                         003A0-003EF              50
                         00420-0046F              50
                         004A0-004EF              50
                         00520-0056F              50
                         005A0-005EF              50
                         00620-0066F              50
                         006A0-006EF              50
                         00720-0076F              50
                         007A0-007EF              50
                         00820-0086F              50
                         008A0-008EF              50
                         00920-0096F              50
                         009A0-009EF              50
                         00A20-00A6F              50
                         00AA0-00AEF              50
                         00B20-00B6F              50
                         00BA0-00BEF              50
                         00C20-00C6F              50
                         00CA0-00CBF              20
        SFR0             00000-0001F              20           1
        SFR1             00080-0009F              20           1
        SFR10            00500-0051F              20           1
        SFR11            00580-0059F              20           1
        SFR12            00600-0061F              20           1
        SFR13            00680-0069F              20           1
        SFR14            00700-0071F              20           1
        SFR15            00780-0079F              20           1
        SFR16            00800-0081F              20           1
        SFR17            00880-0089F              20           1
        SFR18            00900-0091F              20           1
        SFR19            00980-0099F              20           1
        SFR2             00100-0011F              20           1
        SFR20            00A00-00A1F              20           1
        SFR21            00A80-00A9F              20           1
        SFR22            00B00-00B1F              20           1
        SFR23            00B80-00B9F              20           1
        SFR24            00C00-00C1F              20           1
        SFR25            00C80-00C9F              20           1
        SFR26            00D00-00D6F              70           1
        SFR27            00D80-00DEF              70           1
        SFR28            00E00-00E6F              70           1
        SFR29            00E80-00EEF              70           1
        SFR3             00180-0019F              20           1
        SFR30            00F00-00F6F              70           1
        SFR31            00F80-00FEF              70           1
        SFR32            01000-0106F              70           1
        SFR33            01080-010EF              70           1
        SFR34            01100-0116F              70           1
        SFR35            01180-011EF              70           1
        SFR36            01200-0126F              70           1
        SFR37            01280-012EF              70           1
        SFR38            01300-0136F              70           1
        SFR39            01380-013EF              70           1
        SFR4             00200-0021F              20           1
        SFR40            01400-0146F              70           1
        SFR41            01480-014EF              70           1
        SFR42            01500-0156F              70           1
        SFR43            01580-015EF              70           1
        SFR44            01600-0166F              70           1
        SFR45            01680-016EF              70           1
        SFR46            01700-0176F              70           1
        SFR47            01780-017EF              70           1
        SFR48            01800-0186F              70           1
        SFR49            01880-018EF              70           1
        SFR5             00280-0029F              20           1
        SFR50            01900-0196F              70           1
        SFR51            01980-019EF              70           1
        SFR52            01A00-01A6F              70           1
        SFR53            01A80-01AEF              70           1
        SFR54            01B00-01B6F              70           1
        SFR55            01B80-01BEF              70           1
        SFR56            01C00-01C6F              70           1
        SFR57            01C80-01CEF              70           1
        SFR58            01D00-01D6F              70           1
        SFR59            01D80-01DEF              70           1
        SFR6             00300-0031F              20           1
        SFR60            01E00-01E6F              70           1
        SFR61            01E80-01EEF              70           1
        SFR62            01F00-01F6F              70           1
        SFR63            01F80-01FEF              70           1
        SFR7             00380-0039F              20           1
        SFR8             00400-0041F              20           1
        SFR9             00480-0049F              20           1
        STACK            020DE-027EF             712           1
        STRCODE          00002-00003               2           2
                         007FE-00E63             666
                         01008-03FFF            2FF8
        STRING           00002-00003               2           2
                         007FE-00E63             100
                         01008-03FFF             100

                                  Symbol Table

?_ctoa                                          cstackBANK0  0002D
?_pad                                           cstackBANK0  00024
?_printf                                        cstackBANK0  00044
?_strlen                                        cstackCOMMON 00070
?_vfpfcnvrt                                     cstackBANK0  00033
?_vfprintf                                      cstackBANK0  0003C
EUSART1_SetErrorHandler@interruptHandler        cstackCOMMON 00070
EUSART1_SetFramingErrorHandler@interruptHandler cstackCOMMON 00070
EUSART1_SetOverrunErrorHandler@interruptHandler cstackCOMMON 00070
EUSART1_Write@txData                            cstackCOMMON 00070
I2C1_MasterSendTxData@data                      cstackCOMMON 00070
VL6180X_IdentifyDevices@error                   cstackBANK0  00023
VL6180X_IdentifyDevices@k                       cstackBANK0  00022
VL6180X_IdentifyDevices@model_id                cstackBANK0  00020
VL6180X_IdentifyDevices@new_address             cstackBANK0  00021
VL6180X_IdentifyDevices@numDevices              cstackBANK0  00024
VL6180X_MeasureRange@NumDeviceToRead            cstackBANK0  00025
VL6180X_MeasureRange@device_address             cstackBANK0  00028
VL6180X_MeasureRange@device_status              cstackBANK0  00026
VL6180X_MeasureRange@error                      cstackBANK0  00027
VL6180X_MeasureRange@k                          cstackBANK0  00029
VL6180X_MeasureRange@meas_ready                 cstackBANK0  00023
VL6180X_MeasureRange@measure                    cstackCOMMON 0007B
VL6180X_MeasureRange@mm                         cstackBANK0  00024
VL6180X_MeasureRange@status                     cstackCOMMON 0007C
VL6180X_ReadRegister@addr                       cstackCOMMON 0007A
VL6180X_ReadRegister@address                    cstackCOMMON 00079
VL6180X_ReadRegister@data                       cstackCOMMON 00077
VL6180X_ReadRegister@error                      cstackCOMMON 00073
VL6180X_ReadRegister@reg                        cstackCOMMON 00071
VL6180X_ReadRegister@reg_high                   cstackCOMMON 00075
VL6180X_ReadRegister@reg_low                    cstackCOMMON 00076
VL6180X_ReadRegister@trials                     cstackCOMMON 00078
VL6180X_Reset@DeviceNumber                      cstackCOMMON 00071
VL6180X_Reset@state                             cstackCOMMON 00070
VL6180X_SetChipEnable@DeviceNumber              cstackCOMMON 00073
VL6180X_SetupRegisters@DeviceNumber             cstackBANK0  00021
VL6180X_SetupRegisters@device_address           cstackBANK0  00022
VL6180X_WriteRegister@addr                      cstackCOMMON 00079
VL6180X_WriteRegister@address                   cstackCOMMON 00076
VL6180X_WriteRegister@data                      cstackCOMMON 00073
VL6180X_WriteRegister@reg                       cstackCOMMON 00071
VL6180X_WriteRegister@reg_high                  cstackCOMMON 00077
VL6180X_WriteRegister@reg_low                   cstackCOMMON 00078
VL6180X_WriteRegister@trials                    cstackCOMMON 0007A
_ACTCON                                         (abs)        00894
_ANSELA                                         (abs)        01F38
_ANSELB                                         (abs)        01F43
_ANSELC                                         (abs)        01F4E
_ANSELD                                         (abs)        01F59
_ANSELE                                         (abs)        01F64
_BAUD1CON                                       (abs)        0011F
_EUSART1_DefaultErrorHandler                    (abs)        00000
_EUSART1_DefaultFramingErrorHandler             (abs)        00000
_EUSART1_DefaultOverrunErrorHandler             (abs)        00000
_EUSART1_ErrorHandler                           nvBANK1      000D4
_EUSART1_FramingErrorHandler                    nvBANK1      000D8
_EUSART1_Initialize                             text44       00F8D
_EUSART1_OverrunErrorHandler                    nvBANK1      000D6
_EUSART1_Read                                   text50       00F0D
_EUSART1_SetErrorHandler                        text47       00EA0
_EUSART1_SetFramingErrorHandler                 text46       00EA6
_EUSART1_SetOverrunErrorHandler                 text45       00EAC
_EUSART1_Write                                  text10       00EDB
_EUSART1_is_rx_ready                            text49       00E96
_EUSART1_is_tx_ready                            text48       00EFE
_EUSART1_is_tx_ready$164                        cstackCOMMON 00070
_I2C1_Initialize                                text43       00ED2
_I2C1_MasterClearIrq                            text38       00E64
_I2C1_MasterClose                               text37       00E67
_I2C1_MasterGetRxData                           text36       00E6A
_I2C1_MasterIsNack                              text35       00EB2
_I2C1_MasterIsRxBufFull                         text34       00E8E
_I2C1_MasterOpen                                text33       00EF0
_I2C1_MasterSendNack                            text32       00E92
_I2C1_MasterSendTxData                          text31       00E9B
_I2C1_MasterStart                               text30       00E6D
_I2C1_MasterStartRx                             text29       00E70
_I2C1_MasterStop                                text28       00E73
_I2C1_MasterWaitForEvent                        text27       00EB8
_INLVLA                                         (abs)        01F3C
_INLVLB                                         (abs)        01F47
_INLVLC                                         (abs)        01F52
_INLVLD                                         (abs)        01F5D
_INLVLE                                         (abs)        01F68
_INTCONbits                                     (abs)        0000B
_INTERRUPT_InterruptManager                     intentry     00004
_LATA                                           (abs)        00018
_LATAbits                                       (abs)        00018
_LATB                                           (abs)        00019
_LATBbits                                       (abs)        00019
_LATC                                           (abs)        0001A
_LATD                                           (abs)        0001B
_LATE                                           (abs)        0001C
_MSSP1_InterruptHandler                         bssBANK0     0006B
_NumChipEnable                                  nvBANK1      000DA
_ODCONA                                         (abs)        01F3A
_ODCONB                                         (abs)        01F45
_ODCONC                                         (abs)        01F50
_ODCOND                                         (abs)        01F5B
_ODCONE                                         (abs)        01F66
_OSCCON1                                        (abs)        0088D
_OSCCON3                                        (abs)        0088F
_OSCEN                                          (abs)        00891
_OSCFRQ                                         (abs)        00893
_OSCILLATOR_Initialize                          text42       00EE5
_OSCSTAT                                        (abs)        00890
_OSCTUNE                                        (abs)        00892
_PIE3bits                                       (abs)        00719
_PIN_MANAGER_Initialize                         text41       0072F
_PIR3bits                                       (abs)        0070F
_PMD0                                           (abs)        00796
_PMD1                                           (abs)        00797
_PMD2                                           (abs)        00798
_PMD3                                           (abs)        00799
_PMD4                                           (abs)        0079A
_PMD5                                           (abs)        0079B
_PMD_Initialize                                 text40       00ECA
_RC0PPS                                         (abs)        01F20
_RC1REG                                         (abs)        00119
_RC1STA                                         (abs)        0011D
_RC1STAbits                                     (abs)        0011D
_RC2PPS                                         (abs)        01F22
_RC3PPS                                         (abs)        01F23
_RX1PPS                                         (abs)        01ECB
_RecognizedDevices                              nvBANK0      0006F
_ResetA6                                        text24       00E79
_ResetA7                                        text23       00E7C
_ResetB0                                        text22       00E7F
_ResetB1                                        text25       00E76
_SLRCONA                                        (abs)        01F3B
_SLRCONB                                        (abs)        01F46
_SLRCONC                                        (abs)        01F51
_SLRCOND                                        (abs)        01F5C
_SLRCONE                                        (abs)        01F67
_SP1BRGH                                        (abs)        0011C
_SP1BRGL                                        (abs)        0011B
_SSP1ADD                                        (abs)        0018D
_SSP1BUF                                        (abs)        0018C
_SSP1CLKPPS                                     (abs)        01EC5
_SSP1CON1                                       (abs)        00190
_SSP1CON1bits                                   (abs)        00190
_SSP1CON2                                       (abs)        00191
_SSP1CON2bits                                   (abs)        00191
_SSP1DATPPS                                     (abs)        01EC6
_SSP1STAT                                       (abs)        0018F
_SSP1STATbits                                   (abs)        0018F
_SYSTEM_Initialize                              text39       00F1D
_SetA6                                          text20       00E85
_SetA7                                          text19       00E88
_SetB0                                          text18       00E8B
_SetB1                                          text21       00E82
_TRISA                                          (abs)        00012
_TRISB                                          (abs)        00013
_TRISC                                          (abs)        00014
_TRISD                                          (abs)        00015
_TRISE                                          (abs)        00016
_TX1REG                                         (abs)        0011A
_TX1STA                                         (abs)        0011E
_TX1STAbits                                     (abs)        0011E
_VL6180X_Devices                                bssBANK2     00120
_VL6180X_IdentifyDevices                        text13       00662
_VL6180X_MD_DisableFunction                     bssBANK1     000A0
_VL6180X_MD_EnableFunction                      bssBANK1     000B4
_VL6180X_MeasureRange                           text12       004F5
_VL6180X_ReadRegister                           text26       00337
_VL6180X_Reset                                  text17       00F6E
_VL6180X_SetChipEnable                          text16       007E3
_VL6180X_SetupRegisters                         text11       0003A
_VL6180X_WriteRegister                          text15       00431
_WPUA                                           (abs)        01F39
_WPUB                                           (abs)        01F44
_WPUC                                           (abs)        01F4F
_WPUD                                           (abs)        01F5A
_WPUE                                           (abs)        01F65
__CFG_BBEN$OFF                                  (abs)        00000
__CFG_BBSIZE$512                                (abs)        00000
__CFG_BOREN$ON                                  (abs)        00000
__CFG_BORV$LO                                   (abs)        00000
__CFG_CLKOUTEN$OFF                              (abs)        00000
__CFG_CP$OFF                                    (abs)        00000
__CFG_CSWEN$ON                                  (abs)        00000
__CFG_FCMEN$ON                                  (abs)        00000
__CFG_FEXTOSC$OFF                               (abs)        00000
__CFG_LCDPEN$ON                                 (abs)        00000
__CFG_LPBOREN$OFF                               (abs)        00000
__CFG_LVP$ON                                    (abs)        00000
__CFG_MCLRE$ON                                  (abs)        00000
__CFG_PPS1WAY$ON                                (abs)        00000
__CFG_PWRTE$OFF                                 (abs)        00000
__CFG_RSTOSC$HFINT1                             (abs)        00000
__CFG_SAFEN$OFF                                 (abs)        00000
__CFG_STVREN$ON                                 (abs)        00000
__CFG_VBATEN$OFF                                (abs)        00000
__CFG_WDTCCS$SC                                 (abs)        00000
__CFG_WDTCPS$WDTCPS_31                          (abs)        00000
__CFG_WDTCWS$WDTCWS_7                           (abs)        00000
__CFG_WDTE$OFF                                  (abs)        00000
__CFG_WRTAPP$OFF                                (abs)        00000
__CFG_WRTB$OFF                                  (abs)        00000
__CFG_WRTC$OFF                                  (abs)        00000
__CFG_WRTD$OFF                                  (abs)        00000
__CFG_WRTSAF$OFF                                (abs)        00000
__CFG_ZCD$OFF                                   (abs)        00000
__Habs1                                         abs1         00000
__Hbank0                                        bank0        00000
__Hbank1                                        bank1        00000
__Hbank10                                       bank10       00000
__Hbank11                                       bank11       00000
__Hbank12                                       bank12       00000
__Hbank13                                       bank13       00000
__Hbank14                                       bank14       00000
__Hbank15                                       bank15       00000
__Hbank16                                       bank16       00000
__Hbank17                                       bank17       00000
__Hbank18                                       bank18       00000
__Hbank19                                       bank19       00000
__Hbank2                                        bank2        00000
__Hbank20                                       bank20       00000
__Hbank21                                       bank21       00000
__Hbank22                                       bank22       00000
__Hbank23                                       bank23       00000
__Hbank24                                       bank24       00000
__Hbank25                                       bank25       00000
__Hbank26                                       bank26       00000
__Hbank27                                       bank27       00000
__Hbank28                                       bank28       00000
__Hbank29                                       bank29       00000
__Hbank3                                        bank3        00000
__Hbank30                                       bank30       00000
__Hbank31                                       bank31       00000
__Hbank32                                       bank32       00000
__Hbank33                                       bank33       00000
__Hbank34                                       bank34       00000
__Hbank35                                       bank35       00000
__Hbank36                                       bank36       00000
__Hbank37                                       bank37       00000
__Hbank38                                       bank38       00000
__Hbank39                                       bank39       00000
__Hbank4                                        bank4        00000
__Hbank40                                       bank40       00000
__Hbank41                                       bank41       00000
__Hbank42                                       bank42       00000
__Hbank43                                       bank43       00000
__Hbank44                                       bank44       00000
__Hbank45                                       bank45       00000
__Hbank46                                       bank46       00000
__Hbank47                                       bank47       00000
__Hbank48                                       bank48       00000
__Hbank49                                       bank49       00000
__Hbank5                                        bank5        00000
__Hbank50                                       bank50       00000
__Hbank51                                       bank51       00000
__Hbank52                                       bank52       00000
__Hbank53                                       bank53       00000
__Hbank54                                       bank54       00000
__Hbank55                                       bank55       00000
__Hbank56                                       bank56       00000
__Hbank57                                       bank57       00000
__Hbank58                                       bank58       00000
__Hbank59                                       bank59       00000
__Hbank6                                        bank6        00000
__Hbank60                                       bank60       00000
__Hbank61                                       bank61       00000
__Hbank62                                       bank62       00000
__Hbank63                                       bank63       00000
__Hbank7                                        bank7        00000
__Hbank8                                        bank8        00000
__Hbank9                                        bank9        00000
__Hbigram                                       bigram       00000
__HbssBANK0                                     bssBANK0     00000
__HbssBANK1                                     bssBANK1     00000
__HbssBANK2                                     bssBANK2     00000
__Hcinit                                        cinit        0003A
__Hclrtext                                      clrtext      00000
__Hcode                                         code         00000
__Hcommon                                       common       00000
__Hconfig                                       config       0800C
__HcstackBANK0                                  cstackBANK0  00000
__HcstackCOMMON                                 cstackCOMMON 00000
__Heeprom_data                                  eeprom_data  00000
__Hend_init                                     end_init     0001E
__Hfunctab                                      functab      00000
__Hidloc                                        idloc        00000
__Hinit                                         init         0001C
__Hintentry                                     intentry     0001C
__Hmaintext                                     maintext     00000
__HnvBANK0                                      nvBANK0      00000
__HnvBANK1                                      nvBANK1      00000
__Hpowerup                                      powerup      00000
__Hram                                          ram          00000
__Hreset_vec                                    reset_vec    00002
__Hsfr0                                         sfr0         00000
__Hsfr1                                         sfr1         00000
__Hsfr10                                        sfr10        00000
__Hsfr11                                        sfr11        00000
__Hsfr12                                        sfr12        00000
__Hsfr13                                        sfr13        00000
__Hsfr14                                        sfr14        00000
__Hsfr15                                        sfr15        00000
__Hsfr16                                        sfr16        00000
__Hsfr17                                        sfr17        00000
__Hsfr18                                        sfr18        00000
__Hsfr19                                        sfr19        00000
__Hsfr2                                         sfr2         00000
__Hsfr20                                        sfr20        00000
__Hsfr21                                        sfr21        00000
__Hsfr22                                        sfr22        00000
__Hsfr23                                        sfr23        00000
__Hsfr24                                        sfr24        00000
__Hsfr25                                        sfr25        00000
__Hsfr26                                        sfr26        00000
__Hsfr27                                        sfr27        00000
__Hsfr28                                        sfr28        00000
__Hsfr29                                        sfr29        00000
__Hsfr3                                         sfr3         00000
__Hsfr30                                        sfr30        00000
__Hsfr31                                        sfr31        00000
__Hsfr32                                        sfr32        00000
__Hsfr33                                        sfr33        00000
__Hsfr34                                        sfr34        00000
__Hsfr35                                        sfr35        00000
__Hsfr36                                        sfr36        00000
__Hsfr37                                        sfr37        00000
__Hsfr38                                        sfr38        00000
__Hsfr39                                        sfr39        00000
__Hsfr4                                         sfr4         00000
__Hsfr40                                        sfr40        00000
__Hsfr41                                        sfr41        00000
__Hsfr42                                        sfr42        00000
__Hsfr43                                        sfr43        00000
__Hsfr44                                        sfr44        00000
__Hsfr45                                        sfr45        00000
__Hsfr46                                        sfr46        00000
__Hsfr47                                        sfr47        00000
__Hsfr48                                        sfr48        00000
__Hsfr49                                        sfr49        00000
__Hsfr5                                         sfr5         00000
__Hsfr50                                        sfr50        00000
__Hsfr51                                        sfr51        00000
__Hsfr52                                        sfr52        00000
__Hsfr53                                        sfr53        00000
__Hsfr54                                        sfr54        00000
__Hsfr55                                        sfr55        00000
__Hsfr56                                        sfr56        00000
__Hsfr57                                        sfr57        00000
__Hsfr58                                        sfr58        00000
__Hsfr59                                        sfr59        00000
__Hsfr6                                         sfr6         00000
__Hsfr60                                        sfr60        00000
__Hsfr61                                        sfr61        00000
__Hsfr62                                        sfr62        00000
__Hsfr63                                        sfr63        00000
__Hsfr7                                         sfr7         00000
__Hsfr8                                         sfr8         00000
__Hsfr9                                         sfr9         00000
__Hspace_0                                      (abs)        0800C
__Hspace_1                                      (abs)        0015E
__Hspace_2                                      (abs)        00000
__Hspace_3                                      (abs)        00000
__Hstack                                        stack        00000
__Hstrings                                      strings      00000
__Hstringtext1                                  stringtext1  00000
__Hstringtext2                                  stringtext2  00000
__Hstringtext3                                  stringtext3  00000
__Htext                                         text         00000
__Labs1                                         abs1         00000
__Lbank0                                        bank0        00000
__Lbank1                                        bank1        00000
__Lbank10                                       bank10       00000
__Lbank11                                       bank11       00000
__Lbank12                                       bank12       00000
__Lbank13                                       bank13       00000
__Lbank14                                       bank14       00000
__Lbank15                                       bank15       00000
__Lbank16                                       bank16       00000
__Lbank17                                       bank17       00000
__Lbank18                                       bank18       00000
__Lbank19                                       bank19       00000
__Lbank2                                        bank2        00000
__Lbank20                                       bank20       00000
__Lbank21                                       bank21       00000
__Lbank22                                       bank22       00000
__Lbank23                                       bank23       00000
__Lbank24                                       bank24       00000
__Lbank25                                       bank25       00000
__Lbank26                                       bank26       00000
__Lbank27                                       bank27       00000
__Lbank28                                       bank28       00000
__Lbank29                                       bank29       00000
__Lbank3                                        bank3        00000
__Lbank30                                       bank30       00000
__Lbank31                                       bank31       00000
__Lbank32                                       bank32       00000
__Lbank33                                       bank33       00000
__Lbank34                                       bank34       00000
__Lbank35                                       bank35       00000
__Lbank36                                       bank36       00000
__Lbank37                                       bank37       00000
__Lbank38                                       bank38       00000
__Lbank39                                       bank39       00000
__Lbank4                                        bank4        00000
__Lbank40                                       bank40       00000
__Lbank41                                       bank41       00000
__Lbank42                                       bank42       00000
__Lbank43                                       bank43       00000
__Lbank44                                       bank44       00000
__Lbank45                                       bank45       00000
__Lbank46                                       bank46       00000
__Lbank47                                       bank47       00000
__Lbank48                                       bank48       00000
__Lbank49                                       bank49       00000
__Lbank5                                        bank5        00000
__Lbank50                                       bank50       00000
__Lbank51                                       bank51       00000
__Lbank52                                       bank52       00000
__Lbank53                                       bank53       00000
__Lbank54                                       bank54       00000
__Lbank55                                       bank55       00000
__Lbank56                                       bank56       00000
__Lbank57                                       bank57       00000
__Lbank58                                       bank58       00000
__Lbank59                                       bank59       00000
__Lbank6                                        bank6        00000
__Lbank60                                       bank60       00000
__Lbank61                                       bank61       00000
__Lbank62                                       bank62       00000
__Lbank63                                       bank63       00000
__Lbank7                                        bank7        00000
__Lbank8                                        bank8        00000
__Lbank9                                        bank9        00000
__Lbigram                                       bigram       00000
__LbssBANK0                                     bssBANK0     00000
__LbssBANK1                                     bssBANK1     00000
__LbssBANK2                                     bssBANK2     00000
__Lcinit                                        cinit        0001E
__Lclrtext                                      clrtext      00000
__Lcode                                         code         00000
__Lcommon                                       common       00000
__Lconfig                                       config       08007
__LcstackBANK0                                  cstackBANK0  00000
__LcstackCOMMON                                 cstackCOMMON 00000
__Leeprom_data                                  eeprom_data  00000
__Lend_init                                     end_init     0001C
__Lfunctab                                      functab      00000
__Lidloc                                        idloc        00000
__Linit                                         init         0001C
__Lintentry                                     intentry     00004
__Lmaintext                                     maintext     00000
__LnvBANK0                                      nvBANK0      00000
__LnvBANK1                                      nvBANK1      00000
__Lpowerup                                      powerup      00000
__Lram                                          ram          00000
__Lreset_vec                                    reset_vec    00000
__Lsfr0                                         sfr0         00000
__Lsfr1                                         sfr1         00000
__Lsfr10                                        sfr10        00000
__Lsfr11                                        sfr11        00000
__Lsfr12                                        sfr12        00000
__Lsfr13                                        sfr13        00000
__Lsfr14                                        sfr14        00000
__Lsfr15                                        sfr15        00000
__Lsfr16                                        sfr16        00000
__Lsfr17                                        sfr17        00000
__Lsfr18                                        sfr18        00000
__Lsfr19                                        sfr19        00000
__Lsfr2                                         sfr2         00000
__Lsfr20                                        sfr20        00000
__Lsfr21                                        sfr21        00000
__Lsfr22                                        sfr22        00000
__Lsfr23                                        sfr23        00000
__Lsfr24                                        sfr24        00000
__Lsfr25                                        sfr25        00000
__Lsfr26                                        sfr26        00000
__Lsfr27                                        sfr27        00000
__Lsfr28                                        sfr28        00000
__Lsfr29                                        sfr29        00000
__Lsfr3                                         sfr3         00000
__Lsfr30                                        sfr30        00000
__Lsfr31                                        sfr31        00000
__Lsfr32                                        sfr32        00000
__Lsfr33                                        sfr33        00000
__Lsfr34                                        sfr34        00000
__Lsfr35                                        sfr35        00000
__Lsfr36                                        sfr36        00000
__Lsfr37                                        sfr37        00000
__Lsfr38                                        sfr38        00000
__Lsfr39                                        sfr39        00000
__Lsfr4                                         sfr4         00000
__Lsfr40                                        sfr40        00000
__Lsfr41                                        sfr41        00000
__Lsfr42                                        sfr42        00000
__Lsfr43                                        sfr43        00000
__Lsfr44                                        sfr44        00000
__Lsfr45                                        sfr45        00000
__Lsfr46                                        sfr46        00000
__Lsfr47                                        sfr47        00000
__Lsfr48                                        sfr48        00000
__Lsfr49                                        sfr49        00000
__Lsfr5                                         sfr5         00000
__Lsfr50                                        sfr50        00000
__Lsfr51                                        sfr51        00000
__Lsfr52                                        sfr52        00000
__Lsfr53                                        sfr53        00000
__Lsfr54                                        sfr54        00000
__Lsfr55                                        sfr55        00000
__Lsfr56                                        sfr56        00000
__Lsfr57                                        sfr57        00000
__Lsfr58                                        sfr58        00000
__Lsfr59                                        sfr59        00000
__Lsfr6                                         sfr6         00000
__Lsfr60                                        sfr60        00000
__Lsfr61                                        sfr61        00000
__Lsfr62                                        sfr62        00000
__Lsfr63                                        sfr63        00000
__Lsfr7                                         sfr7         00000
__Lsfr8                                         sfr8         00000
__Lsfr9                                         sfr9         00000
__Lspace_0                                      (abs)        00000
__Lspace_1                                      (abs)        00000
__Lspace_2                                      (abs)        00000
__Lspace_3                                      (abs)        00000
__Lstack                                        stack        00000
__Lstrings                                      strings      00000
__Lstringtext1                                  stringtext1  00000
__Lstringtext2                                  stringtext2  00000
__Lstringtext3                                  stringtext3  00000
__Ltext                                         text         00000
__S0                                            (abs)        0800C
__S1                                            (abs)        0015E
__S2                                            (abs)        00000
__S3                                            (abs)        00000
___bmul                                         text14       00F3F
___bmul@multiplicand                            cstackCOMMON 00070
___bmul@multiplier                              cstackCOMMON 00073
___bmul@product                                 cstackCOMMON 00072
___int_sp                                       stack        00000
___latbits                                      (abs)        00003
___sp                                           stack        00000
___stackhi                                      (abs)        027EF
___stacklo                                      (abs)        020DE
__end_of_EUSART1_Initialize                     text44       00FAF
__end_of_EUSART1_Read                           text50       00F1D
__end_of_EUSART1_SetErrorHandler                text47       00EA6
__end_of_EUSART1_SetFramingErrorHandler         text46       00EAC
__end_of_EUSART1_SetOverrunErrorHandler         text45       00EB2
__end_of_EUSART1_Write                          text10       00EE5
__end_of_EUSART1_is_rx_ready                    text49       00E9B
__end_of_EUSART1_is_tx_ready                    text48       00F0D
__end_of_I2C1_Initialize                        text43       00EDB
__end_of_I2C1_MasterClearIrq                    text38       00E67
__end_of_I2C1_MasterClose                       text37       00E6A
__end_of_I2C1_MasterGetRxData                   text36       00E6D
__end_of_I2C1_MasterIsNack                      text35       00EB8
__end_of_I2C1_MasterIsRxBufFull                 text34       00E92
__end_of_I2C1_MasterOpen                        text33       00EFE
__end_of_I2C1_MasterSendNack                    text32       00E96
__end_of_I2C1_MasterSendTxData                  text31       00EA0
__end_of_I2C1_MasterStart                       text30       00E70
__end_of_I2C1_MasterStartRx                     text29       00E73
__end_of_I2C1_MasterStop                        text28       00E76
__end_of_I2C1_MasterWaitForEvent                text27       00EBE
__end_of_INTERRUPT_InterruptManager             intentry     0001C
__end_of_OSCILLATOR_Initialize                  text42       00EF0
__end_of_PIN_MANAGER_Initialize                 text41       00778
__end_of_PMD_Initialize                         text40       00ED2
__end_of_ResetA6                                text24       00E7C
__end_of_ResetA7                                text23       00E7F
__end_of_ResetB0                                text22       00E82
__end_of_ResetB1                                text25       00E79
__end_of_SYSTEM_Initialize                      text39       00F2D
__end_of_SetA6                                  text20       00E88
__end_of_SetA7                                  text19       00E8B
__end_of_SetB0                                  text18       00E8E
__end_of_SetB1                                  text21       00E85
__end_of_VL6180X_IdentifyDevices                text13       006D9
__end_of_VL6180X_MeasureRange                   text12       005B1
__end_of_VL6180X_ReadRegister                   text26       00431
__end_of_VL6180X_Reset                          text17       00F8D
__end_of_VL6180X_SetChipEnable                  text16       007FE
__end_of_VL6180X_SetupRegisters                 text11       0022C
__end_of_VL6180X_WriteRegister                  text15       004F5
__end_of___bmul                                 text14       00F54
__end_of__initialization                        cinit        00036
__end_of_ctoa                                   text4        007E3
__end_of_fputc                                  text8        007B7
__end_of_fputs                                  text7        01000
__end_of_main                                   maintext     00337
__end_of_pad                                    text5        0072F
__end_of_printf                                 text1        00F3F
__end_of_putch                                  text9        00EC4
__end_of_strlen                                 text6        00F6E
__end_of_vfpfcnvrt                              text3        00662
__end_of_vfprintf                               text2        00FD7
__initialization                                cinit        0001E
__pbssBANK0                                     bssBANK0     00065
__pbssBANK1                                     bssBANK1     000A0
__pbssBANK2                                     bssBANK2     00120
__pcstackBANK0                                  cstackBANK0  00020
__pcstackCOMMON                                 cstackCOMMON 00070
__pintentry                                     intentry     00004
__pmaintext                                     maintext     0022C
__pnvBANK0                                      nvBANK0      0006F
__pnvBANK1                                      nvBANK1      000D4
__pstringtext1                                  stringtext1  01000
__pstringtext2                                  stringtext2  01005
__pstringtext3                                  stringtext3  00000
__ptext1                                        text1        00F2D
__ptext10                                       text10       00EDB
__ptext11                                       text11       0003A
__ptext12                                       text12       004F5
__ptext13                                       text13       00662
__ptext14                                       text14       00F3F
__ptext15                                       text15       00431
__ptext16                                       text16       007E3
__ptext17                                       text17       00F6E
__ptext18                                       text18       00E8B
__ptext19                                       text19       00E88
__ptext2                                        text2        00FAF
__ptext20                                       text20       00E85
__ptext21                                       text21       00E82
__ptext22                                       text22       00E7F
__ptext23                                       text23       00E7C
__ptext24                                       text24       00E79
__ptext25                                       text25       00E76
__ptext26                                       text26       00337
__ptext27                                       text27       00EB8
__ptext28                                       text28       00E73
__ptext29                                       text29       00E70
__ptext3                                        text3        005B1
__ptext30                                       text30       00E6D
__ptext31                                       text31       00E9B
__ptext32                                       text32       00E92
__ptext33                                       text33       00EF0
__ptext34                                       text34       00E8E
__ptext35                                       text35       00EB2
__ptext36                                       text36       00E6A
__ptext37                                       text37       00E67
__ptext38                                       text38       00E64
__ptext39                                       text39       00F1D
__ptext4                                        text4        007B7
__ptext40                                       text40       00ECA
__ptext41                                       text41       0072F
__ptext42                                       text42       00EE5
__ptext43                                       text43       00ED2
__ptext44                                       text44       00F8D
__ptext45                                       text45       00EAC
__ptext46                                       text46       00EA6
__ptext47                                       text47       00EA0
__ptext48                                       text48       00EFE
__ptext49                                       text49       00E96
__ptext5                                        text5        006D9
__ptext50                                       text50       00F0D
__ptext6                                        text6        00F54
__ptext7                                        text7        00FD7
__ptext8                                        text8        00778
__ptext9                                        text9        00EBE
__size_of_EUSART1_Initialize                    (abs)        00000
__size_of_EUSART1_Read                          (abs)        00000
__size_of_EUSART1_SetErrorHandler               (abs)        00000
__size_of_EUSART1_SetFramingErrorHandler        (abs)        00000
__size_of_EUSART1_SetOverrunErrorHandler        (abs)        00000
__size_of_EUSART1_Write                         (abs)        00000
__size_of_EUSART1_is_rx_ready                   (abs)        00000
__size_of_EUSART1_is_tx_ready                   (abs)        00000
__size_of_I2C1_Initialize                       (abs)        00000
__size_of_I2C1_MasterClearIrq                   (abs)        00000
__size_of_I2C1_MasterClose                      (abs)        00000
__size_of_I2C1_MasterGetRxData                  (abs)        00000
__size_of_I2C1_MasterIsNack                     (abs)        00000
[...]
      Totals:         0       0       0       0       0       0       0       0       0       0       0       0       0       0       0       0       0       0       0       0       0       0       0       0       0       0       0
Total ram usage:        0 bytes
 Hardware stack levels used:    1
 Hardware stack levels required when called:    1
 This function calls:
		Nothing
 This function is called by:
		_SYSTEM_Initialize
		_I2C1_MasterOpen
 This function uses a non-reentrant model


 *************** function _EUSART1_Initialize *****************
 Defined at:
		line 66 in file "mcc_generated_files/eusart1.c"
 Parameters:    Size  Location     Type
		None
 Auto vars:     Size  Location     Type
		None
 Return value:  Size  Location     Type
                  1    wreg      void 
 Registers used:
		wreg, status,2, status,0, pclath, cstack
 Tracked objects:
		On entry : 
		On exit  : 
		Unchanged: 
 Data sizes:     COMMON   BANK0   BANK1   BANK2   BANK3   BANK4   BANK5   BANK6   BANK7   BANK8   BANK9  BANK10  BANK11  BANK12  BANK13  BANK14  BANK15  BANK16  BANK17  BANK18  BANK19  BANK20  BANK21  BANK22  BANK23  BANK24  BANK25
      Params:         0       0       0       0       0       0       0       0       0       0       0       0       0       0       0       0       0       0       0       0       0       0       0       0       0       0       0
      Locals:         0       0       0       0       0       0       0       0       0       0       0       0       0       0       0       0       0       0       0       0       0       0       0       0       0       0       0
      Temps:          0       0       0       0       0       0       0       0       0       0       0       0       0       0       0       0       0       0       0       0       0       0       0       0       0       0       0
      Totals:         0       0       0       0       0       0       0       0       0       0       0       0       0       0       0       0       0       0       0       0       0       0       0       0       0       0       0
Total ram usage:        0 bytes
 Hardware stack levels used:    1
 Hardware stack levels required when called:    2
 This function calls:
		_EUSART1_SetErrorHandler
		_EUSART1_SetFramingErrorHandler
		_EUSART1_SetOverrunErrorHandler
 This function is called by:
		_SYSTEM_Initialize
 This function uses a non-reentrant model


 *************** function _EUSART1_SetOverrunErrorHandler *****************
 Defined at:
		line 170 in file "mcc_generated_files/eusart1.c"
 Parameters:    Size  Location     Type
  interruptHan    2    0[COMMON] PTR FTN()void 
		 -> EUSART1_DefaultOverrunErrorHandler(1), 
 Auto vars:     Size  Location     Type
		None
 Return value:  Size  Location     Type
                  1    wreg      void 
 Registers used:
		wreg
 Tracked objects:
		On entry : 
		On exit  : 
		Unchanged: 
 Data sizes:     COMMON   BANK0   BANK1   BANK2   BANK3   BANK4   BANK5   BANK6   BANK7   BANK8   BANK9  BANK10  BANK11  BANK12  BANK13  BANK14  BANK15  BANK16  BANK17  BANK18  BANK19  BANK20  BANK21  BANK22  BANK23  BANK24  BANK25
      Params:         2       0       0       0       0       0       0       0       0       0       0       0       0       0       0       0       0       0       0       0       0       0       0       0       0       0       0
      Locals:         0       0       0       0       0       0       0       0       0       0       0       0       0       0       0       0       0       0       0       0       0       0       0       0       0       0       0
      Temps:          0       0       0       0       0       0       0       0       0       0       0       0       0       0       0       0       0       0       0       0       0       0       0       0       0       0       0
      Totals:         2       0       0       0       0       0       0       0       0       0       0       0       0       0       0       0       0       0       0       0       0       0       0       0       0       0       0
Total ram usage:        2 bytes
 Hardware stack levels used:    1
 Hardware stack levels required when called:    1
 This function calls:
		Nothing
 This function is called by:
		_EUSART1_Initialize
 This function uses a non-reentrant model


 *************** function _EUSART1_SetFramingErrorHandler *****************
 Defined at:
		line 166 in file "mcc_generated_files/eusart1.c"
 Parameters:    Size  Location     Type
  interruptHan    2    0[COMMON] PTR FTN()void 
		 -> EUSART1_DefaultFramingErrorHandler(1), 
 Auto vars:     Size  Location     Type
		None
 Return value:  Size  Location     Type
                  1    wreg      void 
 Registers used:
		wreg
 Tracked objects:
		On entry : 
		On exit  : 
		Unchanged: 
 Data sizes:     COMMON   BANK0   BANK1   BANK2   BANK3   BANK4   BANK5   BANK6   BANK7   BANK8   BANK9  BANK10  BANK11  BANK12  BANK13  BANK14  BANK15  BANK16  BANK17  BANK18  BANK19  BANK20  BANK21  BANK22  BANK23  BANK24  BANK25
      Params:         2       0       0       0       0       0       0       0       0       0       0       0       0       0       0       0       0       0       0       0       0       0       0       0       0       0       0
      Locals:         0       0       0       0       0       0       0       0       0       0       0       0       0       0       0       0       0       0       0       0       0       0       0       0       0       0       0
      Temps:          0       0       0       0       0       0       0       0       0       0       0       0       0       0       0       0       0       0       0       0       0       0       0       0       0       0       0
      Totals:         2       0       0       0       0       0       0       0       0       0       0       0       0       0       0       0       0       0       0       0       0       0       0       0       0       0       0
Total ram usage:        2 bytes
 Hardware stack levels used:    1
 Hardware stack levels required when called:    1
 This function calls:
		Nothing
 This function is called by:
		_EUSART1_Initialize
 This function uses a non-reentrant model


 *************** function _EUSART1_SetErrorHandler *****************
 Defined at:
		line 174 in file "mcc_generated_files/eusart1.c"
 Parameters:    Size  Location     Type
  interruptHan    2    0[COMMON] PTR FTN()void 
		 -> EUSART1_DefaultErrorHandler(1), 
 Auto vars:     Size  Location     Type
		None
 Return value:  Size  Location     Type
                  1    wreg      void 
 Registers used:
		wreg
 Tracked objects:
		On entry : 
		On exit  : 
		Unchanged: 
 Data sizes:     COMMON   BANK0   BANK1   BANK2   BANK3   BANK4   BANK5   BANK6   BANK7   BANK8   BANK9  BANK10  BANK11  BANK12  BANK13  BANK14  BANK15  BANK16  BANK17  BANK18  BANK19  BANK20  BANK21  BANK22  BANK23  BANK24  BANK25
      Params:         2       0       0       0       0       0       0       0       0       0       0       0       0       0       0       0       0       0       0       0       0       0       0       0       0       0       0
      Locals:         0       0       0       0       0       0       0       0       0       0       0       0       0       0       0       0       0       0       0       0       0       0       0       0       0       0       0
      Temps:          0       0       0       0       0       0       0       0       0       0       0       0       0       0       0       0       0       0       0       0       0       0       0       0       0       0       0
      Totals:         2       0       0       0       0       0       0       0       0       0       0       0       0       0       0       0       0       0       0       0       0       0       0       0       0       0       0
Total ram usage:        2 bytes
 Hardware stack levels used:    1
 Hardware stack levels required when called:    1
 This function calls:
		Nothing
 This function is called by:
		_EUSART1_Initialize
 This function uses a non-reentrant model


 *************** function _EUSART1_is_tx_ready *****************
 Defined at:
		line 94 in file "mcc_generated_files/eusart1.c"
 Parameters:    Size  Location     Type
		None
 Auto vars:     Size  Location     Type
		None
 Return value:  Size  Location     Type
                  1    wreg      _Bool 
 Registers used:
		wreg, status,2
 Tracked objects:
		On entry : 
		On exit  : 
		Unchanged: 
 Data sizes:     COMMON   BANK0   BANK1   BANK2   BANK3   BANK4   BANK5   BANK6   BANK7   BANK8   BANK9  BANK10  BANK11  BANK12  BANK13  BANK14  BANK15  BANK16  BANK17  BANK18  BANK19  BANK20  BANK21  BANK22  BANK23  BANK24  BANK25
      Params:         0       0       0       0       0       0       0       0       0       0       0       0       0       0       0       0       0       0       0       0       0       0       0       0       0       0       0
      Locals:         1       0       0       0       0       0       0       0       0       0       0       0       0       0       0       0       0       0       0       0       0       0       0       0       0       0       0
      Temps:          0       0       0       0       0       0       0       0       0       0       0       0       0       0       0       0       0       0       0       0       0       0       0       0       0       0       0
      Totals:         1       0       0       0       0       0       0       0       0       0       0       0       0       0       0       0       0       0       0       0       0       0       0       0       0       0       0
Total ram usage:        1 bytes
 Hardware stack levels used:    1
 Hardware stack levels required when called:    1
 This function calls:
		Nothing
 This function is called by:
		_main
 This function uses a non-reentrant model


 *************** function _EUSART1_is_rx_ready *****************
 Defined at:
		line 99 in file "mcc_generated_files/eusart1.c"
 Parameters:    Size  Location     Type
		None
 Auto vars:     Size  Location     Type
		None
 Return value:  Size  Location     Type
                  1    wreg      _Bool 
 Registers used:
		wreg, status,2, status,0
 Tracked objects:
		On entry : 
		On exit  : 
		Unchanged: 
 Data sizes:     COMMON   BANK0   BANK1   BANK2   BANK3   BANK4   BANK5   BANK6   BANK7   BANK8   BANK9  BANK10  BANK11  BANK12  BANK13  BANK14  BANK15  BANK16  BANK17  BANK18  BANK19  BANK20  BANK21  BANK22  BANK23  BANK24  BANK25
      Params:         0       0       0       0       0       0       0       0       0       0       0       0       0       0       0       0       0       0       0       0       0       0       0       0       0       0       0
      Locals:         0       0       0       0       0       0       0       0       0       0       0       0       0       0       0       0       0       0       0       0       0       0       0       0       0       0       0
      Temps:          0       0       0       0       0       0       0       0       0       0       0       0       0       0       0       0       0       0       0       0       0       0       0       0       0       0       0
      Totals:         0       0       0       0       0       0       0       0       0       0       0       0       0       0       0       0       0       0       0       0       0       0       0       0       0       0       0
Total ram usage:        0 bytes
 Hardware stack levels used:    1
 Hardware stack levels required when called:    1
 This function calls:
		Nothing
 This function is called by:
		_main
 This function uses a non-reentrant model


 *************** function _EUSART1_Read *****************
 Defined at:
		line 113 in file "mcc_generated_files/eusart1.c"
 Parameters:    Size  Location     Type
		None
 Auto vars:     Size  Location     Type
		None
 Return value:  Size  Location     Type
                  1    wreg      unsigned char 
 Registers used:
		wreg, status,2
 Tracked objects:
		On entry : 
		On exit  : 
		Unchanged: 
 Data sizes:     COMMON   BANK0   BANK1   BANK2   BANK3   BANK4   BANK5   BANK6   BANK7   BANK8   BANK9  BANK10  BANK11  BANK12  BANK13  BANK14  BANK15  BANK16  BANK17  BANK18  BANK19  BANK20  BANK21  BANK22  BANK23  BANK24  BANK25
      Params:         0       0       0       0       0       0       0       0       0       0       0       0       0       0       0       0       0       0       0       0       0       0       0       0       0       0       0
      Locals:         0       0       0       0       0       0       0       0       0       0       0       0       0       0       0       0       0       0       0       0       0       0       0       0       0       0       0
      Temps:          0       0       0       0       0       0       0       0       0       0       0       0       0       0       0       0       0       0       0       0       0       0       0       0       0       0       0
      Totals:         0       0       0       0       0       0       0       0       0       0       0       0       0       0       0       0       0       0       0       0       0       0       0       0       0       0       0
Total ram usage:        0 bytes
 Hardware stack levels used:    1
 Hardware stack levels required when called:    1
 This function calls:
		Nothing
 This function is called by:
		_main
		_getch
 This function uses a non-reentrant model


 *************** function _INTERRUPT_InterruptManager *****************
 Defined at:
		line 52 in file "mcc_generated_files/interrupt_manager.c"
 Parameters:    Size  Location     Type
		None
 Auto vars:     Size  Location     Type
		None
 Return value:  Size  Location     Type
                  1    wreg      void 
 Registers used:
		wreg
 Tracked objects:
		On entry : 
		On exit  : 
		Unchanged: 
 Data sizes:     COMMON   BANK0   BANK1   BANK2   BANK3   BANK4   BANK5   BANK6   BANK7   BANK8   BANK9  BANK10  BANK11  BANK12  BANK13  BANK14  BANK15  BANK16  BANK17  BANK18  BANK19  BANK20  BANK21  BANK22  BANK23  BANK24  BANK25
      Params:         0       0       0       0       0       0       0       0       0       0       0       0       0       0       0       0       0       0       0       0       0       0       0       0       0       0       0
      Locals:         0       0       0       0       0       0       0       0       0       0       0       0       0       0       0       0       0       0       0       0       0       0       0       0       0       0       0
      Temps:          0       0       0       0       0       0       0       0       0       0       0       0       0       0       0       0       0       0       0       0       0       0       0       0       0       0       0
      Totals:         0       0       0       0       0       0       0       0       0       0       0       0       0       0       0       0       0       0       0       0       0       0       0       0       0       0       0
Total ram usage:        0 bytes
 Hardware stack levels used:    1
 This function calls:
		Nothing
 This function is called by:
		Interrupt level 1
 This function uses a non-reentrant model



MODULE INFORMATION

Module		Function		Class		Link	Load	Size
mcc_generated_files/interrupt_manager.c
		_INTERRUPT_InterruptManager		CODE           	0004	0000	25

mcc_generated_files/interrupt_manager.c estimated size: 25

C:\Program Files (x86)\Microchip\xc8\v2.10\pic\sources\c99\common\strlen.c
		_strlen        		CODE           	0F54	0000	27

C:\Program Files (x86)\Microchip\xc8\v2.10\pic\sources\c99\common\strlen.c estimated size: 27

mcc_generated_files/pin_manager.c
		_PIN_MANAGER_Initialize		CODE           	072F	0000	74

mcc_generated_files/pin_manager.c estimated size: 74

C:\Program Files (x86)\Microchip\xc8\v2.10\pic\sources\c99\common\Umul8.c
		___bmul        		CODE           	0F3F	0000	22

C:\Program Files (x86)\Microchip\xc8\v2.10\pic\sources\c99\common\Umul8.c estimated size: 22

src/i2c1_master_simple.c
		_I2C1_MasterOpen		CODE           	0EF0	0000	15
		_I2C1_MasterSendTxData		CODE           	0E9B	0000	6
		_I2C1_MasterStop		CODE           	0E73	0000	4
		_I2C1_MasterStartRx		CODE           	0E70	0000	4
		_I2C1_MasterWaitForEvent		CODE           	0EB8	0000	7
		_I2C1_MasterSendNack		CODE           	0E92	0000	5
		_I2C1_MasterClose		CODE           	0E67	0000	4
		_I2C1_Initialize		CODE           	0ED2	0000	10
		_I2C1_MasterIsRxBufFull		CODE           	0E8E	0000	5
		_I2C1_MasterIsNack		CODE           	0EB2	0000	7
		_I2C1_MasterStart		CODE           	0E6D	0000	4
		_I2C1_MasterClearIrq		CODE           	0E64	0000	4
		_I2C1_MasterGetRxData		CODE           	0E6A	0000	4

src/i2c1_master_simple.c estimated size: 79

src/vl6180x_api.c
		_VL6180X_SetupRegisters		CODE           	003A	0000	499
		_VL6180X_MeasureRange		CODE           	04F5	0000	189
		_VL6180X_WriteRegister		CODE           	0431	0000	197
		_VL6180X_ReadRegister		CODE           	0337	0000	251
		_VL6180X_SetChipEnable		CODE           	07E3	0000	28
		_VL6180X_IdentifyDevices		CODE           	0662	0000	120
		_VL6180X_Reset 		CODE           	0F6E	0000	32

src/vl6180x_api.c estimated size: 1316

C:\Program Files (x86)\Microchip\xc8\v2.10\pic\sources\c99\common\doprnt.c
		_vfpfcnvrt     		CODE           	05B1	0000	178
		_pad           		CODE           	06D9	0000	87
		_ctoa          		CODE           	07B7	0000	45
		_vfprintf      		CODE           	0FAF	0000	41

C:\Program Files (x86)\Microchip\xc8\v2.10\pic\sources\c99\common\doprnt.c estimated size: 351

src/main.c
		_SetB0         		CODE           	0E8B	0000	4
		_ResetB1       		CODE           	0E76	0000	4
		_SetA7         		CODE           	0E88	0000	4
		_ResetA6       		CODE           	0E79	0000	4
		_SetB1         		CODE           	0E82	0000	4
		_main          		CODE           	022C	0000	268
		_ResetB0       		CODE           	0E7F	0000	4
		_ResetA7       		CODE           	0E7C	0000	4
		_SetA6         		CODE           	0E85	0000	4

src/main.c estimated size: 300

C:\Program Files (x86)\Microchip\xc8\v2.10\pic\sources\c99\common\nf_fputs.c
		_fputs         		CODE           	0FD7	0000	42

C:\Program Files (x86)\Microchip\xc8\v2.10\pic\sources\c99\common\nf_fputs.c estimated size: 42

shared
		__initialization		CODE           	001E	0000	25

shared estimated size: 25

mcc_generated_files/eusart1.c
		_EUSART1_is_rx_ready		CODE           	0E96	0000	6
		_EUSART1_is_tx_ready		CODE           	0EFE	0000	16
		_EUSART1_Initialize		CODE           	0F8D	0000	35
		_putch         		CODE           	0EBE	0000	7
		_EUSART1_SetFramingErrorHandler		CODE           	0EA6	0000	7
		_EUSART1_Read  		CODE           	0F0D	0000	17
		_EUSART1_SetOverrunErrorHandler		CODE           	0EAC	0000	7
		_EUSART1_SetErrorHandler		CODE           	0EA0	0000	7
		_EUSART1_Write 		CODE           	0EDB	0000	11

mcc_generated_files/eusart1.c estimated size: 113

mcc_generated_files/mcc.c
		_PMD_Initialize		CODE           	0ECA	0000	9
		_OSCILLATOR_Initialize		CODE           	0EE5	0000	12
		_SYSTEM_Initialize		CODE           	0F1D	0000	17

mcc_generated_files/mcc.c estimated size: 38

C:\Program Files (x86)\Microchip\xc8\v2.10\pic\sources\c99\common\printf.c
		_printf        		CODE           	0F2D	0000	19

C:\Program Files (x86)\Microchip\xc8\v2.10\pic\sources\c99\common\printf.c estimated size: 19

C:\Program Files (x86)\Microchip\xc8\v2.10\pic\sources\c99\common\nf_fputc.c
		_fputc         		CODE           	0778	0000	64

C:\Program Files (x86)\Microchip\xc8\v2.10\pic\sources\c99\common\nf_fputc.c estimated size: 64

