Microchip MPLAB XC8 Compiler V2.10 ()

Linker command line:

-W-3 --edf=C:\Program Files (x86)\Microchip\xc8\v2.10\pic\dat\en_msgs.txt \
  -cs -h+dist/default/debug\vl6180x_multiple_device.X.debug.sym \
  --cmf=dist/default/debug\vl6180x_multiple_device.X.debug.cmf -z \
  -Q16F19176 -oC:\Users\andre\AppData\Local\Temp\sd9g.2 \
  --defsym=__MPLAB_BUILD=1 \
  -Mdist/default/debug/vl6180x_multiple_device.X.debug.map -E1 -ver=XC8 \
  --acfsm=1493 -ASTACK=02110h-027EFh -pstack=STACK -ACODE=00h-07FFhx8 \
  -ASTRCODE=00h-03FFFh -ASTRING=00h-0FFhx64 -ACONST=00h-0FFhx64 \
  -AENTRY=00h-0FFhx64 -ACOMMON=070h-07Fh -ABANK0=020h-06Fh \
  -ABANK1=0A0h-0EFh -ABANK2=0120h-016Fh -ABANK3=01A0h-01EFh \
  -ABANK4=0220h-026Fh -ABANK5=02A0h-02EFh -ABANK6=0320h-036Fh \
  -ABANK7=03A0h-03EFh -ABANK8=0420h-046Fh -ABANK9=04A0h-04EFh \
  -ABANK10=0520h-056Fh -ABANK11=05A0h-05EFh -ABANK12=0620h-066Fh \
  -ABANK13=06A0h-06EFh -ABANK14=0720h-076Fh -ABANK15=07A0h-07EFh \
  -ABANK16=0820h-086Fh -ABANK17=08A0h-08EFh -ABANK18=0920h-096Fh \
  -ABANK19=09A0h-09EFh -ABANK20=0A20h-0A6Fh -ABANK21=0AA0h-0AEFh \
  -ABANK22=0B20h-0B6Fh -ABANK23=0BA0h-0BEFh -ABANK24=0C20h-0C6Fh \
  -ABANK25=0CA0h-0CBFh -ABIGRAM=02000h-027EFh \
  -ARAM=020h-06Fh,0A0h-0EFh,0120h-016Fh,01A0h-01EFh,0220h-026Fh,02A0h-02EFh,0320h-036Fh,03A0h-03EFh,0420h-046Fh,04A0h-04EFh,0520h-056Fh,05A0h-05EFh,0620h-066Fh,06A0h-06EFh,0720h-076Fh,07A0h-07EFh,0820h-086Fh,08A0h-08EFh,0920h-096Fh,09A0h-09EFh,0A20h-0A6Fh,0AA0h-0AEFh,0B20h-0B6Fh,0BA0h-0BEFh,0C20h-0C6Fh,0CA0h-0CBFh \
  -AABS1=020h-07Fh,0A0h-0EFh,0120h-016Fh,01A0h-01EFh,0220h-026Fh,02A0h-02EFh,0320h-036Fh,03A0h-03EFh,0420h-046Fh,04A0h-04EFh,0520h-056Fh,05A0h-05EFh,0620h-066Fh,06A0h-06EFh,0720h-076Fh,07A0h-07EFh,0820h-086Fh,08A0h-08EFh,0920h-096Fh,09A0h-09EFh,0A20h-0A6Fh,0AA0h-0AEFh,0B20h-0B6Fh,0BA0h-0BEFh,0C20h-0C6Fh,0CA0h-0CBFh \
  -ASFR0=00h-01Fh -ASFR1=080h-09Fh -ASFR2=0100h-011Fh -ASFR3=0180h-019Fh \
  -ASFR4=0200h-021Fh -ASFR5=0280h-029Fh -ASFR6=0300h-031Fh \
  -ASFR7=0380h-039Fh -ASFR8=0400h-041Fh -ASFR9=0480h-049Fh \
  -ASFR10=0500h-051Fh -ASFR11=0580h-059Fh -ASFR12=0600h-061Fh \
  -ASFR13=0680h-069Fh -ASFR14=0700h-071Fh -ASFR15=0780h-079Fh \
  -ASFR16=0800h-081Fh -ASFR17=0880h-089Fh -ASFR18=0900h-091Fh \
  -ASFR19=0980h-099Fh -ASFR20=0A00h-0A1Fh -ASFR21=0A80h-0A9Fh \
  -ASFR22=0B00h-0B1Fh -ASFR23=0B80h-0B9Fh -ASFR24=0C00h-0C1Fh \
  -ASFR25=0C80h-0C9Fh -ASFR26=0D00h-0D6Fh -ASFR27=0D80h-0DEFh \
  -ASFR28=0E00h-0E6Fh -ASFR29=0E80h-0EEFh -ASFR30=0F00h-0F6Fh \
  -ASFR31=0F80h-0FEFh -ASFR32=01000h-0106Fh -ASFR33=01080h-010EFh \
  -ASFR34=01100h-0116Fh -ASFR35=01180h-011EFh -ASFR36=01200h-0126Fh \
  -ASFR37=01280h-012EFh -ASFR38=01300h-0136Fh -ASFR39=01380h-013EFh \
  -ASFR40=01400h-0146Fh -ASFR41=01480h-014EFh -ASFR42=01500h-0156Fh \
  -ASFR43=01580h-015EFh -ASFR44=01600h-0166Fh -ASFR45=01680h-016EFh \
  -ASFR46=01700h-0176Fh -ASFR47=01780h-017EFh -ASFR48=01800h-0186Fh \
  -ASFR49=01880h-018EFh -ASFR50=01900h-0196Fh -ASFR51=01980h-019EFh \
  -ASFR52=01A00h-01A6Fh -ASFR53=01A80h-01AEFh -ASFR54=01B00h-01B6Fh \
  -ASFR55=01B80h-01BEFh -ASFR56=01C00h-01C6Fh -ASFR57=01C80h-01CEFh \
  -ASFR58=01D00h-01D6Fh -ASFR59=01D80h-01DEFh -ASFR60=01E00h-01E6Fh \
  -ASFR61=01E80h-01EEFh -ASFR62=01F00h-01F6Fh -ASFR63=01F80h-01FEFh \
  -preset_vec=00h,intentry=04h,init,end_init -ppowerup=CODE -pcinit=CODE \
  -pfunctab=ENTRY -ACONFIG=08007h-0800Bh -pconfig=CONFIG -DCONFIG=2 \
  -AIDLOC=08000h-08003h -pidloc=IDLOC -DIDLOC=2 -AEEDATA=00h-0FFh/0F000h \
  -peeprom_data=EEDATA -DEEDATA=2 -DCODE=2 -DSTRCODE=2 -DSTRING=2 -DCONST=2 \
  -DENTRY=2 -k C:\Users\andre\AppData\Local\Temp\sd9g.o \
  dist/default/debug\vl6180x_multiple_device.X.debug.o 

Object code version is 3.11

Machine type is 16F19176



                Name                               Link     Load   Length Selector   Space Scale
C:\Users\andre\AppData\Local\Temp\sd9g.o
                end_init                             1C       1C        2        8       0
                reset_vec                             0        0        2        0       0
                config                             8007     8007        5    1000E       0
dist/default/debug\vl6180x_multiple_device.X.debug.o
                cinit                                1E       1E       1C        8       0
                intentry                              4        4       18        8       0
                text53                              B3D      B3D       10     167A       0
                text52                              AC6      AC6        5     158C       0
                text51                              B2E      B2E        F     165C       0
                text50                              AD0      AD0        6     15A0       0
                text49                              AD6      AD6        6     15AC       0
                text48                              ADC      ADC        6     15B8       0
                text47                              7DB      7DB       22        8       0
                text46                              B02      B02        9     1604       0
                text45                              B15      B15        B     162A       0
                text44                              C8C      C8C       49     1918       0
                text43                              AFA      AFA        8     15F4       0
                text42                              B4D      B4D       10     169A       0
                text41                              A97      A97        3     152E       0
                text40                              A9A      A9A        3     1534       0
                text39                              A9D      A9D        3     153A       0
                text38                              AE2      AE2        6     15C4       0
                text37                              ABE      ABE        4     157C       0
                text36                              B20      B20        E     1640       0
                text35                              AC2      AC2        4     1584       0
                text34                              ACB      ACB        5     1596       0
                text33                              AA0      AA0        3     1540       0
                text32                              AA3      AA3        3     1546       0
                text31                              AA6      AA6        3     154C       0
                text30                              AE8      AE8        6     15D0       0
                text29                              5F7      5F7       FA        8       0
                text28                              AA9      AA9        3     1552       0
                text27                              AAC      AAC        3     1558       0
                text26                              AAF      AAF        3     155E       0
                text25                              AB2      AB2        3     1564       0
                text24                              AB5      AB5        3     156A       0
                text23                              AB8      AB8        3     1570       0
                text22                              ABB      ABB        3     1576       0
                text21                              7FD      7FD        3        8       0
                text20                              BD3      BD3       20     17A6       0
                text19                              BB8      BB8       1B     1770       0
                text18                              E61      E61       C4     1CC2       0
                text17                              B6F      B6F       15     16DE       0
                text16                              D2E      D2E       77     1A5C       0
                text15                              DA5      DA5       BC     1B4A       0
                text14                               3A       3A      1F2        8       0
                text13                              4F6      4F6      101        8       0
                text12                              6F1      6F1       EA        8       0
                text11                              B84      B84       1A     1708       0
                text10                              B0B      B0B        A     1616       0
                text9                               AEE      AEE        6     15DC       0
                text8                               C4D      C4D       3F     189A       0
                text7                               BF3      BF3       29     17E6       0
                text6                               B9E      B9E       1A     173C       0
                text5                               CD5      CD5       59     19AA       0
                text4                               22C      22C      170        8       0
                text3                               F25      F25       DB     1E4A       0
                text2                               C1C      C1C       31     1838       0
                text1                               B5D      B5D       12     16BA       0
                maintext                            39C      39C      15A        8       0
                cstackBANK0                          20       20       50       20       1
                cstackCOMMON                         70       70        E       70       1
                cstackBANK1                          CA       CA       1B       A0       1
                clrtext                             AF4      AF4        6     15E8       0
                bssBANK3                            1A0      1A0       20      1A0       1
                bssBANK2                            120      120       32      120       1
                bssBANK1                             A0       A0       2A       A0       1
                stringtext7                        10AD     10AD        5     2000       0
                stringtext6                        109D     109D       10     2000       0
                stringtext5                        1085     1085       18     2000       0
                stringtext4                        106B     106B       1A     2000       0
                stringtext3                        1048     1048       23     2000       0
                stringtext2                        1025     1025       23     2000       0
                stringtext1                        1000     1000       25     2000       0
                nvBANK1                              E5       E5        8       A0       1

TOTAL           Name                               Link     Load   Length     Space
        CLASS   STACK          

        CLASS   CODE           
                end_init                             1C       1C        2         0
                cinit                                1E       1E       1C         0
                intentry                              4        4       18         0
                reset_vec                             0        0        2         0
                text53                              B3D      B3D       10         0
                text52                              AC6      AC6        5         0
                text51                              B2E      B2E        F         0
                text50                              AD0      AD0        6         0
                text49                              AD6      AD6        6         0
                text48                              ADC      ADC        6         0
                text47                              7DB      7DB       22         0
                text46                              B02      B02        9         0
                text45                              B15      B15        B         0
                text44                              C8C      C8C       49         0
                text43                              AFA      AFA        8         0
                text42                              B4D      B4D       10         0
                text41                              A97      A97        3         0
                text40                              A9A      A9A        3         0
                text39                              A9D      A9D        3         0
                text38                              AE2      AE2        6         0
                text37                              ABE      ABE        4         0
                text36                              B20      B20        E         0
                text35                              AC2      AC2        4         0
                text34                              ACB      ACB        5         0
                text33                              AA0      AA0        3         0
                text32                              AA3      AA3        3         0
                text31                              AA6      AA6        3         0
                text30                              AE8      AE8        6         0
                text29                              5F7      5F7       FA         0
                text28                              AA9      AA9        3         0
                text27                              AAC      AAC        3         0
                text26                              AAF      AAF        3         0
                text25                              AB2      AB2        3         0
                text24                              AB5      AB5        3         0
                text23                              AB8      AB8        3         0
                text22                              ABB      ABB        3         0
                text21                              7FD      7FD        3         0
                text20                              BD3      BD3       20         0
                text19                              BB8      BB8       1B         0
                text18                              E61      E61       C4         0
                text17                              B6F      B6F       15         0
                text16                              D2E      D2E       77         0
                text15                              DA5      DA5       BC         0
                text14                               3A       3A      1F2         0
                text13                              4F6      4F6      101         0
                text12                              6F1      6F1       EA         0
                text11                              B84      B84       1A         0
                text10                              B0B      B0B        A         0
                text9                               AEE      AEE        6         0
                text8                               C4D      C4D       3F         0
                text7                               BF3      BF3       29         0
                text6                               B9E      B9E       1A         0
                text5                               CD5      CD5       59         0
                text4                               22C      22C      170         0
                text3                               F25      F25       DB         0
                text2                               C1C      C1C       31         0
                text1                               B5D      B5D       12         0
                maintext                            39C      39C      15A         0
                clrtext                             AF4      AF4        6         0

        CLASS   STRCODE        
                stringtext7                        10AD     10AD        5         0
                stringtext6                        109D     109D       10         0
                stringtext5                        1085     1085       18         0
                stringtext4                        106B     106B       1A         0
                stringtext3                        1048     1048       23         0
                stringtext2                        1025     1025       23         0
                stringtext1                        1000     1000       25         0

        CLASS   STRING         

        CLASS   CONST          

        CLASS   ENTRY          

        CLASS   COMMON         
                cstackCOMMON                         70       70        E         1

        CLASS   BANK0          
                cstackBANK0                          20       20       50         1

        CLASS   BANK1          
                cstackBANK1                          CA       CA       1B         1
                bssBANK1                             A0       A0       2A         1
                nvBANK1                              E5       E5        8         1

        CLASS   BANK2          
                bssBANK2                            120      120       32         1

        CLASS   BANK3          
                bssBANK3                            1A0      1A0       20         1

        CLASS   BANK4          

        CLASS   BANK5          

        CLASS   BANK6          

        CLASS   BANK7          

        CLASS   BANK8          

        CLASS   BANK9          

        CLASS   BANK10         

        CLASS   BANK11         

        CLASS   BANK12         

        CLASS   BANK13         

        CLASS   BANK14         

        CLASS   BANK15         

        CLASS   BANK16         

        CLASS   BANK17         

        CLASS   BANK18         

        CLASS   BANK19         

        CLASS   BANK20         

        CLASS   BANK21         

        CLASS   BANK22         

        CLASS   BANK23         

        CLASS   BANK24         

        CLASS   BANK25         

        CLASS   BIGRAM         

        CLASS   RAM            

        CLASS   ABS1           
                abs_s1                               7E       7E        2         1

        CLASS   SFR0           

        CLASS   SFR1           

        CLASS   SFR2           

        CLASS   SFR3           

        CLASS   SFR4           

        CLASS   SFR5           

        CLASS   SFR6           

        CLASS   SFR7           

        CLASS   SFR8           

        CLASS   SFR9           

        CLASS   SFR10          

        CLASS   SFR11          

        CLASS   SFR12          

        CLASS   SFR13          

        CLASS   SFR14          

        CLASS   SFR15          

        CLASS   SFR16          

        CLASS   SFR17          

        CLASS   SFR18          

        CLASS   SFR19          

        CLASS   SFR20          

        CLASS   SFR21          

        CLASS   SFR22          

        CLASS   SFR23          

        CLASS   SFR24          

        CLASS   SFR25          

        CLASS   SFR26          

        CLASS   SFR27          

        CLASS   SFR28          

        CLASS   SFR29          

        CLASS   SFR30          

        CLASS   SFR31          

        CLASS   SFR32          

        CLASS   SFR33          

        CLASS   SFR34          

        CLASS   SFR35          

        CLASS   SFR36          

        CLASS   SFR37          

        CLASS   SFR38          

        CLASS   SFR39          

        CLASS   SFR40          

        CLASS   SFR41          

        CLASS   SFR42          

        CLASS   SFR43          

        CLASS   SFR44          

        CLASS   SFR45          

        CLASS   SFR46          

        CLASS   SFR47          

        CLASS   SFR48          

        CLASS   SFR49          

        CLASS   SFR50          

        CLASS   SFR51          

        CLASS   SFR52          

        CLASS   SFR53          

        CLASS   SFR54          

        CLASS   SFR55          

        CLASS   SFR56          

        CLASS   SFR57          

        CLASS   SFR58          

        CLASS   SFR59          

        CLASS   SFR60          

        CLASS   SFR61          

        CLASS   SFR62          

        CLASS   SFR63          

        CLASS   CONFIG         
                config                             8007     8007        5         0

        CLASS   IDLOC          

        CLASS   EEDATA         

        CLASS   BANK63         

        CLASS   BANK62         

        CLASS   BANK61         

        CLASS   BANK60         

        CLASS   BANK59         

        CLASS   BANK58         

        CLASS   BANK57         

        CLASS   BANK56         

        CLASS   BANK55         

        CLASS   BANK54         

        CLASS   BANK53         

        CLASS   BANK52         

        CLASS   BANK51         

        CLASS   BANK50         

        CLASS   BANK49         

        CLASS   BANK48         

        CLASS   BANK47         

        CLASS   BANK46         

        CLASS   BANK45         

        CLASS   BANK44         

        CLASS   BANK43         

        CLASS   BANK42         

        CLASS   BANK41         

        CLASS   BANK40         

        CLASS   BANK39         

        CLASS   BANK38         

        CLASS   BANK37         

        CLASS   BANK36         

        CLASS   BANK35         

        CLASS   BANK34         

        CLASS   BANK33         

        CLASS   BANK32         

        CLASS   BANK31         

        CLASS   BANK30         

        CLASS   BANK29         

        CLASS   BANK28         

        CLASS   BANK27         

        CLASS   BANK26         



SEGMENTS        Name                           Load    Length   Top    Selector   Space  Class     Delta

                reset_vec                      000000  000002  000002         0       0  CODE        2
                intentry                       000004  0007FC  000800         8       0  CODE        2
                cstackBANK0                    000020  000050  000070        20       1  BANK0       1
                cstackCOMMON                   000070  00000E  00007E        70       1  COMMON      1
                bssBANK1                       0000A0  00004D  0000ED        A0       1  BANK1       1
                bssBANK2                       000120  000032  000152       120       1  BANK2       1
                bssBANK3                       0001A0  000020  0001C0       1A0       1  BANK3       1
                text41                         000A97  000003  000A9A      152E       0  CODE        2
                text40                         000A9A  000003  000A9D      1534       0  CODE        2
                text39                         000A9D  000003  000AA0      153A       0  CODE        2
                text33                         000AA0  000003  000AA3      1540       0  CODE        2
                text32                         000AA3  000003  000AA6      1546       0  CODE        2
                text31                         000AA6  000003  000AA9      154C       0  CODE        2
                text28                         000AA9  000003  000AAC      1552       0  CODE        2
                text27                         000AAC  000003  000AAF      1558       0  CODE        2
                text26                         000AAF  000003  000AB2      155E       0  CODE        2
                text25                         000AB2  000003  000AB5      1564       0  CODE        2
                text24                         000AB5  000003  000AB8      156A       0  CODE        2
                text23                         000AB8  000003  000ABB      1570       0  CODE        2
                text22                         000ABB  000003  000ABE      1576       0  CODE        2
                text37                         000ABE  000004  000AC2      157C       0  CODE        2
                text35                         000AC2  000004  000AC6      1584       0  CODE        2
                text52                         000AC6  000005  000ACB      158C       0  CODE        2
                text34                         000ACB  000005  000AD0      1596       0  CODE        2
                text50                         000AD0  000006  000AD6      15A0       0  CODE        2
                text49                         000AD6  000006  000ADC      15AC       0  CODE        2
                text48                         000ADC  000006  000AE2      15B8       0  CODE        2
                text38                         000AE2  000006  000AE8      15C4       0  CODE        2
                text30                         000AE8  000006  000AEE      15D0       0  CODE        2
                text9                          000AEE  000006  000AF4      15DC       0  CODE        2
                clrtext                        000AF4  000006  000AFA      15E8       0  CODE        2
                text43                         000AFA  000008  000B02      15F4       0  CODE        2
                text46                         000B02  000009  000B0B      1604       0  CODE        2
                text10                         000B0B  00000A  000B15      1616       0  CODE        2
                text45                         000B15  00000B  000B20      162A       0  CODE        2
                text36                         000B20  00000E  000B2E      1640       0  CODE        2
                text51                         000B2E  00000F  000B3D      165C       0  CODE        2
                text53                         000B3D  000010  000B4D      167A       0  CODE        2
                text42                         000B4D  000010  000B5D      169A       0  CODE        2
                text1                          000B5D  000012  000B6F      16BA       0  CODE        2
                text17                         000B6F  000015  000B84      16DE       0  CODE        2
                text11                         000B84  00001A  000B9E      1708       0  CODE        2
                text6                          000B9E  00001A  000BB8      173C       0  CODE        2
                text19                         000BB8  00001B  000BD3      1770       0  CODE        2
                text20                         000BD3  000020  000BF3      17A6       0  CODE        2
                text7                          000BF3  000029  000C1C      17E6       0  CODE        2
                text2                          000C1C  000031  000C4D      1838       0  CODE        2
                text8                          000C4D  00003F  000C8C      189A       0  CODE        2
                text44                         000C8C  000049  000CD5      1918       0  CODE        2
                text5                          000CD5  000059  000D2E      19AA       0  CODE        2
                text16                         000D2E  000077  000DA5      1A5C       0  CODE        2
                text15                         000DA5  0000BC  000E61      1B4A       0  CODE        2
                text18                         000E61  0000C4  000F25      1CC2       0  CODE        2
                text3                          000F25  0000DB  001000      1E4A       0  CODE        2
                stringtext1                    001000  0000B2  0010B2      2000       0  STRCODE     2
                config                         008007  000005  00800C     1000E       0  CONFIG      2


UNUSED ADDRESS RANGES

        Name                Unused          Largest block    Delta
        BANK1            000ED-000EF               3           1
        BANK10           00520-0056F              50           1
        BANK11           005A0-005EF              50           1
        BANK12           00620-0066F              50           1
        BANK13           006A0-006EF              50           1
        BANK14           00720-0076F              50           1
        BANK15           007A0-007EF              50           1
        BANK16           00820-0086F              50           1
        BANK17           008A0-008EF              50           1
        BANK18           00920-0096F              50           1
        BANK19           009A0-009EF              50           1
        BANK2            00152-0016F              1E           1
        BANK20           00A20-00A6F              50           1
        BANK21           00AA0-00AEF              50           1
        BANK22           00B20-00B6F              50           1
        BANK23           00BA0-00BEF              50           1
        BANK24           00C20-00C6F              50           1
        BANK25           00CA0-00CBF              20           1
        BANK3            001C0-001EF              30           1
        BANK4            00220-0026F              50           1
        BANK5            002A0-002EF              50           1
        BANK6            00320-0036F              50           1
        BANK7            003A0-003EF              50           1
        BANK8            00420-0046F              50           1
        BANK9            004A0-004EF              50           1
        BIGRAM           02000-027EF             7F0           1
        CODE             00002-00003               2           2
                         00800-00A96             297
                         010B2-03FFF             800
        CONST            00002-00003               2           2
                         00800-00A96             100
                         010B2-03FFF             100
        EEDATA           0F000-0F0FF             100           2
        ENTRY            00002-00003               2           2
                         00800-00A96             100
                         010B2-03FFF             100
        IDLOC            08000-08003               4           2
        RAM              000ED-000EF               3           1
                         00152-0016F              1E
                         001C0-001EF              30
                         00220-0026F              50
                         002A0-002EF              50
                         00320-0036F              50
                         003A0-003EF              50
                         00420-0046F              50
                         004A0-004EF              50
                         00520-0056F              50
                         005A0-005EF              50
                         00620-0066F              50
                         006A0-006EF              50
                         00720-0076F              50
                         007A0-007EF              50
                         00820-0086F              50
                         008A0-008EF              50
                         00920-0096F              50
                         009A0-009EF              50
                         00A20-00A6F              50
                         00AA0-00AEF              50
                         00B20-00B6F              50
                         00BA0-00BEF              50
                         00C20-00C6F              50
                         00CA0-00CBF              20
        SFR0             00000-0001F              20           1
        SFR1             00080-0009F              20           1
        SFR10            00500-0051F              20           1
        SFR11            00580-0059F              20           1
        SFR12            00600-0061F              20           1
        SFR13            00680-0069F              20           1
        SFR14            00700-0071F              20           1
        SFR15            00780-0079F              20           1
        SFR16            00800-0081F              20           1
        SFR17            00880-0089F              20           1
        SFR18            00900-0091F              20           1
        SFR19            00980-0099F              20           1
        SFR2             00100-0011F              20           1
        SFR20            00A00-00A1F              20           1
        SFR21            00A80-00A9F              20           1
        SFR22            00B00-00B1F              20           1
        SFR23            00B80-00B9F              20           1
        SFR24            00C00-00C1F              20           1
        SFR25            00C80-00C9F              20           1
        SFR26            00D00-00D6F              70           1
        SFR27            00D80-00DEF              70           1
        SFR28            00E00-00E6F              70           1
        SFR29            00E80-00EEF              70           1
        SFR3             00180-0019F              20           1
        SFR30            00F00-00F6F              70           1
        SFR31            00F80-00FEF              70           1
        SFR32            01000-0106F              70           1
        SFR33            01080-010EF              70           1
        SFR34            01100-0116F              70           1
        SFR35            01180-011EF              70           1
        SFR36            01200-0126F              70           1
        SFR37            01280-012EF              70           1
        SFR38            01300-0136F              70           1
        SFR39            01380-013EF              70           1
        SFR4             00200-0021F              20           1
        SFR40            01400-0146F              70           1
        SFR41            01480-014EF              70           1
        SFR42            01500-0156F              70           1
        SFR43            01580-015EF              70           1
        SFR44            01600-0166F              70           1
        SFR45            01680-016EF              70           1
        SFR46            01700-0176F              70           1
        SFR47            01780-017EF              70           1
        SFR48            01800-0186F              70           1
        SFR49            01880-018EF              70           1
        SFR5             00280-0029F              20           1
        SFR50            01900-0196F              70           1
        SFR51            01980-019EF              70           1
        SFR52            01A00-01A6F              70           1
        SFR53            01A80-01AEF              70           1
        SFR54            01B00-01B6F              70           1
        SFR55            01B80-01BEF              70           1
        SFR56            01C00-01C6F              70           1
        SFR57            01C80-01CEF              70           1
        SFR58            01D00-01D6F              70           1
        SFR59            01D80-01DEF              70           1
        SFR6             00300-0031F              20           1
        SFR60            01E00-01E6F              70           1
        SFR61            01E80-01EEF              70           1
        SFR62            01F00-01F6F              70           1
        SFR63            01F80-01FEF              70           1
        SFR7             00380-0039F              20           1
        SFR8             00400-0041F              20           1
        SFR9             00480-0049F              20           1
        STACK            02110-027EF             6E0           1
        STRCODE          00002-00003               2           2
                         00800-00A96             297
                         010B2-03FFF            2F4E
        STRING           00002-00003               2           2
                         00800-00A96             100
                         010B2-03FFF             100

                                  Symbol Table

?___aodiv                                       cstackBANK0  00020
?___aomod                                       cstackBANK0  00020
?_abs                                           cstackCOMMON 00073
?_dtoa                                          cstackBANK0  00030
?_pad                                           cstackBANK0  00024
?_printf                                        cstackBANK0  00066
?_strlen                                        cstackCOMMON 00070
?_vfpfcnvrt                                     cstackBANK0  0004E
?_vfprintf                                      cstackBANK0  0005E
EUSART1_SetErrorHandler@interruptHandler        cstackCOMMON 00070
EUSART1_SetFramingErrorHandler@interruptHandler cstackCOMMON 00070
EUSART1_SetOverrunErrorHandler@interruptHandler cstackCOMMON 00070
EUSART1_Write@txData                            cstackCOMMON 00070
I2C1_MasterSendTxData@data                      cstackCOMMON 00070
VL6180X_IdentifyDevices@error                   cstackBANK0  00023
VL6180X_IdentifyDevices@k                       cstackBANK0  00022
VL6180X_IdentifyDevices@model_id                cstackBANK0  00020
VL6180X_IdentifyDevices@new_address             cstackBANK0  00021
VL6180X_IdentifyDevices@numDevices              cstackBANK0  00024
VL6180X_MeasureRange@NumDeviceToRead            cstackBANK0  00025
VL6180X_MeasureRange@device_address             cstackBANK0  00028
VL6180X_MeasureRange@device_status              cstackBANK0  00026
VL6180X_MeasureRange@error                      cstackBANK0  00027
VL6180X_MeasureRange@k                          cstackBANK0  00029
VL6180X_MeasureRange@meas_ready                 cstackBANK0  00023
VL6180X_MeasureRange@measure                    cstackCOMMON 0007B
VL6180X_MeasureRange@mm                         cstackBANK0  00024
VL6180X_MeasureRange@status                     cstackCOMMON 0007C
VL6180X_ReadRegister@addr                       cstackCOMMON 0007A
VL6180X_ReadRegister@address                    cstackCOMMON 00079
VL6180X_ReadRegister@data                       cstackCOMMON 00077
VL6180X_ReadRegister@error                      cstackCOMMON 00073
VL6180X_ReadRegister@reg                        cstackCOMMON 00071
VL6180X_ReadRegister@reg_high                   cstackCOMMON 00075
VL6180X_ReadRegister@reg_low                    cstackCOMMON 00076
VL6180X_ReadRegister@trials                     cstackCOMMON 00078
VL6180X_Reset@DeviceNumber                      cstackCOMMON 00071
VL6180X_Reset@state                             cstackCOMMON 00070
VL6180X_SetChipEnable@DeviceNumber              cstackCOMMON 00073
VL6180X_SetupRegisters@DeviceNumber             cstackBANK0  00021
VL6180X_SetupRegisters@device_address           cstackBANK0  00022
VL6180X_WriteRegister@addr                      cstackCOMMON 00079
VL6180X_WriteRegister@address                   cstackCOMMON 00076
VL6180X_WriteRegister@data                      cstackCOMMON 00073
VL6180X_WriteRegister@reg                       cstackCOMMON 00071
VL6180X_WriteRegister@reg_high                  cstackCOMMON 00077
VL6180X_WriteRegister@reg_low                   cstackCOMMON 00078
VL6180X_WriteRegister@trials                    cstackCOMMON 0007A
_ACTCON                                         (abs)        00894
_ANSELA                                         (abs)        01F38
_ANSELB                                         (abs)        01F43
_ANSELC                                         (abs)        01F4E
_ANSELD                                         (abs)        01F59
_ANSELE                                         (abs)        01F64
_BAUD1CON                                       (abs)        0011F
_EUSART1_DefaultErrorHandler                    (abs)        00000
_EUSART1_DefaultFramingErrorHandler             (abs)        00000
_EUSART1_DefaultOverrunErrorHandler             (abs)        00000
_EUSART1_ErrorHandler                           nvBANK1      000E5
_EUSART1_FramingErrorHandler                    nvBANK1      000E9
_EUSART1_Initialize                             text47       007DB
_EUSART1_OverrunErrorHandler                    nvBANK1      000E7
_EUSART1_Read                                   text53       00B3D
_EUSART1_SetErrorHandler                        text50       00AD0
_EUSART1_SetFramingErrorHandler                 text49       00AD6
_EUSART1_SetOverrunErrorHandler                 text48       00ADC
_EUSART1_Write                                  text10       00B0B
_EUSART1_is_rx_ready                            text52       00AC6
_EUSART1_is_tx_ready                            text51       00B2E
_EUSART1_is_tx_ready$164                        cstackCOMMON 00070
_I2C1_Initialize                                text46       00B02
_I2C1_MasterClearIrq                            text41       00A97
_I2C1_MasterClose                               text40       00A9A
_I2C1_MasterGetRxData                           text39       00A9D
_I2C1_MasterIsNack                              text38       00AE2
_I2C1_MasterIsRxBufFull                         text37       00ABE
_I2C1_MasterOpen                                text36       00B20
_I2C1_MasterSendNack                            text35       00AC2
_I2C1_MasterSendTxData                          text34       00ACB
_I2C1_MasterStart                               text33       00AA0
_I2C1_MasterStartRx                             text32       00AA3
_I2C1_MasterStop                                text31       00AA6
_I2C1_MasterWaitForEvent                        text30       00AE8
_INLVLA                                         (abs)        01F3C
_INLVLB                                         (abs)        01F47
_INLVLC                                         (abs)        01F52
_INLVLD                                         (abs)        01F5D
_INLVLE                                         (abs)        01F68
_INTCONbits                                     (abs)        0000B
_INTERRUPT_InterruptManager                     intentry     00004
_LATA                                           (abs)        00018
_LATAbits                                       (abs)        00018
_LATB                                           (abs)        00019
_LATBbits                                       (abs)        00019
_LATC                                           (abs)        0001A
_LATD                                           (abs)        0001B
_LATE                                           (abs)        0001C
_MSSP1_InterruptHandler                         bssBANK1     000C6
_NumChipEnable                                  nvBANK1      000EC
_ODCONA                                         (abs)        01F3A
_ODCONB                                         (abs)        01F45
_ODCONC                                         (abs)        01F50
_ODCOND                                         (abs)        01F5B
_ODCONE                                         (abs)        01F66
_OSCCON1                                        (abs)        0088D
_OSCCON3                                        (abs)        0088F
_OSCEN                                          (abs)        00891
_OSCFRQ                                         (abs)        00893
_OSCILLATOR_Initialize                          text45       00B15
_OSCSTAT                                        (abs)        00890
_OSCTUNE                                        (abs)        00892
_PIE3bits                                       (abs)        00719
_PIN_MANAGER_Initialize                         text44       00C8C
_PIR3bits                                       (abs)        0070F
_PMD0                                           (abs)        00796
_PMD1                                           (abs)        00797
_PMD2                                           (abs)        00798
_PMD3                                           (abs)        00799
_PMD4                                           (abs)        0079A
_PMD5                                           (abs)        0079B
_PMD_Initialize                                 text43       00AFA
_RC0PPS                                         (abs)        01F20
_RC1REG                                         (abs)        00119
_RC1STA                                         (abs)        0011D
_RC1STAbits                                     (abs)        0011D
_RC2PPS                                         (abs)        01F22
_RC3PPS                                         (abs)        01F23
_RX1PPS                                         (abs)        01ECB
_RecognizedDevices                              nvBANK1      000EB
_ResetA6                                        text27       00AAC
_ResetA7                                        text26       00AAF
_ResetB0                                        text25       00AB2
_ResetB1                                        text28       00AA9
_SLRCONA                                        (abs)        01F3B
_SLRCONB                                        (abs)        01F46
_SLRCONC                                        (abs)        01F51
_SLRCOND                                        (abs)        01F5C
_SLRCONE                                        (abs)        01F67
_SP1BRGH                                        (abs)        0011C
_SP1BRGL                                        (abs)        0011B
_SSP1ADD                                        (abs)        0018D
_SSP1BUF                                        (abs)        0018C
_SSP1CLKPPS                                     (abs)        01EC5
_SSP1CON1                                       (abs)        00190
_SSP1CON1bits                                   (abs)        00190
_SSP1CON2                                       (abs)        00191
_SSP1CON2bits                                   (abs)        00191
_SSP1DATPPS                                     (abs)        01EC6
_SSP1STAT                                       (abs)        0018F
_SSP1STATbits                                   (abs)        0018F
_SYSTEM_Initialize                              text42       00B4D
_SetA6                                          text23       00AB8
_SetA7                                          text22       00ABB
_SetB0                                          text21       007FD
_SetB1                                          text24       00AB5
_TRISA                                          (abs)        00012
_TRISB                                          (abs)        00013
_TRISC                                          (abs)        00014
_TRISD                                          (abs)        00015
_TRISE                                          (abs)        00016
_TX1REG                                         (abs)        0011A
_TX1STA                                         (abs)        0011E
_TX1STAbits                                     (abs)        0011E
_VL6180X_Devices                                bssBANK2     00120
_VL6180X_IdentifyDevices                        text16       00D2E
_VL6180X_MD_DisableFunction                     bssBANK2     0013E
_VL6180X_MD_EnableFunction                      bssBANK1     000A0
_VL6180X_MeasureRange                           text15       00DA5
_VL6180X_ReadRegister                           text29       005F7
_VL6180X_Reset                                  text20       00BD3
_VL6180X_SetChipEnable                          text19       00BB8
_VL6180X_SetupRegisters                         text14       0003A
_VL6180X_WriteRegister                          text18       00E61
_WPUA                                           (abs)        01F39
_WPUB                                           (abs)        01F44
_WPUC                                           (abs)        01F4F
_WPUD                                           (abs)        01F5A
_WPUE                                           (abs)        01F65
__CFG_BBEN$OFF                                  (abs)        00000
__CFG_BBSIZE$512                                (abs)        00000
__CFG_BOREN$ON                                  (abs)        00000
__CFG_BORV$LO                                   (abs)        00000
__CFG_CLKOUTEN$OFF                              (abs)        00000
__CFG_CP$OFF                                    (abs)        00000
__CFG_CSWEN$ON                                  (abs)        00000
__CFG_FCMEN$ON                                  (abs)        00000
__CFG_FEXTOSC$OFF                               (abs)        00000
__CFG_LCDPEN$ON                                 (abs)        00000
__CFG_LPBOREN$OFF                               (abs)        00000
__CFG_LVP$ON                                    (abs)        00000
__CFG_MCLRE$ON                                  (abs)        00000
__CFG_PPS1WAY$ON                                (abs)        00000
__CFG_PWRTE$OFF                                 (abs)        00000
__CFG_RSTOSC$HFINT1                             (abs)        00000
__CFG_SAFEN$OFF                                 (abs)        00000
__CFG_STVREN$ON                                 (abs)        00000
__CFG_VBATEN$OFF                                (abs)        00000
__CFG_WDTCCS$SC                                 (abs)        00000
__CFG_WDTCPS$WDTCPS_31                          (abs)        00000
__CFG_WDTCWS$WDTCWS_7                           (abs)        00000
__CFG_WDTE$OFF                                  (abs)        00000
__CFG_WRTAPP$OFF                                (abs)        00000
__CFG_WRTB$OFF                                  (abs)        00000
__CFG_WRTC$OFF                                  (abs)        00000
__CFG_WRTD$OFF                                  (abs)        00000
__CFG_WRTSAF$OFF                                (abs)        00000
__CFG_ZCD$OFF                                   (abs)        00000
__Habs1                                         abs1         00000
__Hbank0                                        bank0        00000
__Hbank1                                        bank1        00000
__Hbank10                                       bank10       00000
__Hbank11                                       bank11       00000
__Hbank12                                       bank12       00000
__Hbank13                                       bank13       00000
__Hbank14                                       bank14       00000
__Hbank15                                       bank15       00000
__Hbank16                                       bank16       00000
__Hbank17                                       bank17       00000
__Hbank18                                       bank18       00000
__Hbank19                                       bank19       00000
__Hbank2                                        bank2        00000
__Hbank20                                       bank20       00000
__Hbank21                                       bank21       00000
__Hbank22                                       bank22       00000
__Hbank23                                       bank23       00000
__Hbank24                                       bank24       00000
__Hbank25                                       bank25       00000
__Hbank26                                       bank26       00000
__Hbank27                                       bank27       00000
__Hbank28                                       bank28       00000
__Hbank29                                       bank29       00000
__Hbank3                                        bank3        00000
__Hbank30                                       bank30       00000
__Hbank31                                       bank31       00000
__Hbank32                                       bank32       00000
__Hbank33                                       bank33       00000
__Hbank34                                       bank34       00000
__Hbank35                                       bank35       00000
__Hbank36                                       bank36       00000
__Hbank37                                       bank37       00000
__Hbank38                                       bank38       00000
__Hbank39                                       bank39       00000
__Hbank4                                        bank4        00000
__Hbank40                                       bank40       00000
__Hbank41                                       bank41       00000
__Hbank42                                       bank42       00000
__Hbank43                                       bank43       00000
__Hbank44                                       bank44       00000
__Hbank45                                       bank45       00000
__Hbank46                                       bank46       00000
__Hbank47                                       bank47       00000
__Hbank48                                       bank48       00000
__Hbank49                                       bank49       00000
__Hbank5                                        bank5        00000
__Hbank50                                       bank50       00000
__Hbank51                                       bank51       00000
__Hbank52                                       bank52       00000
__Hbank53                                       bank53       00000
__Hbank54                                       bank54       00000
__Hbank55                                       bank55       00000
__Hbank56                                       bank56       00000
__Hbank57                                       bank57       00000
__Hbank58                                       bank58       00000
__Hbank59                                       bank59       00000
__Hbank6                                        bank6        00000
__Hbank60                                       bank60       00000
__Hbank61                                       bank61       00000
__Hbank62                                       bank62       00000
__Hbank63                                       bank63       00000
__Hbank7                                        bank7        00000
__Hbank8                                        bank8        00000
__Hbank9                                        bank9        00000
__Hbigram                                       bigram       00000
__HbssBANK1                                     bssBANK1     00000
__HbssBANK2                                     bssBANK2     00000
__HbssBANK3                                     bssBANK3     00000
__Hcinit                                        cinit        0003A
__Hclrtext                                      clrtext      00000
__Hcode                                         code         00000
__Hcommon                                       common       00000
__Hconfig                                       config       0800C
__HcstackBANK0                                  cstackBANK0  00000
__HcstackBANK1                                  cstackBANK1  00000
__HcstackCOMMON                                 cstackCOMMON 00000
__Heeprom_data                                  eeprom_data  00000
__Hend_init                                     end_init     0001E
__Hfunctab                                      functab      00000
__Hidloc                                        idloc        00000
__Hinit                                         init         0001C
__Hintentry                                     intentry     0001C
__Hmaintext                                     maintext     00000
__HnvBANK1                                      nvBANK1      00000
__Hpowerup                                      powerup      00000
__Hram                                          ram          00000
__Hreset_vec                                    reset_vec    00002
__Hsfr0                                         sfr0         00000
__Hsfr1                                         sfr1         00000
__Hsfr10                                        sfr10        00000
__Hsfr11                                        sfr11        00000
__Hsfr12                                        sfr12        00000
__Hsfr13                                        sfr13        00000
__Hsfr14                                        sfr14        00000
__Hsfr15                                        sfr15        00000
__Hsfr16                                        sfr16        00000
__Hsfr17                                        sfr17        00000
__Hsfr18                                        sfr18        00000
__Hsfr19                                        sfr19        00000
__Hsfr2                                         sfr2         00000
__Hsfr20                                        sfr20        00000
__Hsfr21                                        sfr21        00000
__Hsfr22                                        sfr22        00000
__Hsfr23                                        sfr23        00000
__Hsfr24                                        sfr24        00000
__Hsfr25                                        sfr25        00000
__Hsfr26                                        sfr26        00000
__Hsfr27                                        sfr27        00000
__Hsfr28                                        sfr28        00000
__Hsfr29                                        sfr29        00000
__Hsfr3                                         sfr3         00000
__Hsfr30                                        sfr30        00000
__Hsfr31                                        sfr31        00000
__Hsfr32                                        sfr32        00000
__Hsfr33                                        sfr33        00000
__Hsfr34                                        sfr34        00000
__Hsfr35                                        sfr35        00000
__Hsfr36                                        sfr36        00000
__Hsfr37                                        sfr37        00000
__Hsfr38                                        sfr38        00000
__Hsfr39                                        sfr39        00000
__Hsfr4                                         sfr4         00000
__Hsfr40                                        sfr40        00000
__Hsfr41                                        sfr41        00000
__Hsfr42                                        sfr42        00000
__Hsfr43                                        sfr43        00000
__Hsfr44                                        sfr44        00000
__Hsfr45                                        sfr45        00000
__Hsfr46                                        sfr46        00000
__Hsfr47                                        sfr47        00000
__Hsfr48                                        sfr48        00000
__Hsfr49                                        sfr49        00000
__Hsfr5                                         sfr5         00000
__Hsfr50                                        sfr50        00000
__Hsfr51                                        sfr51        00000
__Hsfr52                                        sfr52        00000
__Hsfr53                                        sfr53        00000
__Hsfr54                                        sfr54        00000
__Hsfr55                                        sfr55        00000
__Hsfr56                                        sfr56        00000
__Hsfr57                                        sfr57        00000
__Hsfr58                                        sfr58        00000
__Hsfr59                                        sfr59        00000
__Hsfr6                                         sfr6         00000
__Hsfr60                                        sfr60        00000
__Hsfr61                                        sfr61        00000
__Hsfr62                                        sfr62        00000
__Hsfr63                                        sfr63        00000
__Hsfr7                                         sfr7         00000
__Hsfr8                                         sfr8         00000
__Hsfr9                                         sfr9         00000
__Hspace_0                                      (abs)        0800C
__Hspace_1                                      (abs)        001C0
__Hspace_2                                      (abs)        00000
__Hspace_3                                      (abs)        00000
__Hstack                                        stack        00000
__Hstrings                                      strings      00000
__Hstringtext1                                  stringtext1  00000
__Hstringtext2                                  stringtext2  00000
__Hstringtext3                                  stringtext3  00000
__Hstringtext4                                  stringtext4  00000
__Hstringtext5                                  stringtext5  00000
__Hstringtext6                                  stringtext6  00000
__Hstringtext7                                  stringtext7  00000
__Hstringtext8                                  stringtext8  00000
__Htext                                         text         00000
__Labs1                                         abs1         00000
__Lbank0                                        bank0        00000
__Lbank1                                        bank1        00000
__Lbank10                                       bank10       00000
__Lbank11                                       bank11       00000
__Lbank12                                       bank12       00000
__Lbank13                                       bank13       00000
__Lbank14                                       bank14       00000
__Lbank15                                       bank15       00000
__Lbank16                                       bank16       00000
__Lbank17                                       bank17       00000
__Lbank18                                       bank18       00000
__Lbank19                                       bank19       00000
__Lbank2                                        bank2        00000
__Lbank20                                       bank20       00000
__Lbank21                                       bank21       00000
__Lbank22                                       bank22       00000
__Lbank23                                       bank23       00000
__Lbank24                                       bank24       00000
__Lbank25                                       bank25       00000
__Lbank26                                       bank26       00000
__Lbank27                                       bank27       00000
__Lbank28                                       bank28       00000
__Lbank29                                       bank29       00000
__Lbank3                                        bank3        00000
__Lbank30                                       bank30       00000
__Lbank31                                       bank31       00000
__Lbank32                                       bank32       00000
__Lbank33                                       bank33       00000
__Lbank34                                       bank34       00000
__Lbank35                                       bank35       00000
__Lbank36                                       bank36       00000
__Lbank37                                       bank37       00000
__Lbank38                                       bank38       00000
__Lbank39                                       bank39       00000
__Lbank4                                        bank4        00000
__Lbank40                                       bank40       00000
__Lbank41                                       bank41       00000
__Lbank42                                       bank42       00000
__Lbank43                                       bank43       00000
__Lbank44                                       bank44       00000
__Lbank45                                       bank45       00000
__Lbank46                                       bank46       00000
__Lbank47                                       bank47       00000
__Lbank48                                       bank48       00000
__Lbank49                                       bank49       00000
__Lbank5                                        bank5        00000
__Lbank50                                       bank50       00000
__Lbank51                                       bank51       00000
__Lbank52                                       bank52       00000
__Lbank53                                       bank53       00000
__Lbank54                                       bank54       00000
__Lbank55                                       bank55       00000
__Lbank56                                       bank56       00000
__Lbank57                                       bank57       00000
__Lbank58                                       bank58       00000
__Lbank59                                       bank59       00000
__Lbank6                                        bank6        00000
__Lbank60                                       bank60       00000
__Lbank61                                       bank61       00000
__Lbank62                                       bank62       00000
__Lbank63                                       bank63       00000
__Lbank7                                        bank7        00000
__Lbank8                                        bank8        00000
__Lbank9                                        bank9        00000
__Lbigram                                       bigram       00000
__LbssBANK1                                     bssBANK1     00000
__LbssBANK2                                     bssBANK2     00000
__LbssBANK3                                     bssBANK3     00000
__Lcinit                                        cinit        0001E
__Lclrtext                                      clrtext      00000
__Lcode                                         code         00000
__Lcommon                                       common       00000
__Lconfig                                       config       08007
__LcstackBANK0                                  cstackBANK0  00000
__LcstackBANK1                                  cstackBANK1  00000
__LcstackCOMMON                                 cstackCOMMON 00000
__Leeprom_data                                  eeprom_data  00000
__Lend_init                                     end_init     0001C
__Lfunctab                                      functab      00000
__Lidloc                                        idloc        00000
__Linit                                         init         0001C
__Lintentry                                     intentry     00004
__Lmaintext                                     maintext     00000
__LnvBANK1                                      nvBANK1      00000
__Lpowerup                                      powerup      00000
__Lram                                          ram          00000
__Lreset_vec                                    reset_vec    00000
__Lsfr0                                         sfr0         00000
__Lsfr1                                         sfr1         00000
__Lsfr10                                        sfr10        00000
__Lsfr11                                        sfr11        00000
__Lsfr12                                        sfr12        00000
__Lsfr13                                        sfr13        00000
__Lsfr14                                        sfr14        00000
__Lsfr15                                        sfr15        00000
__Lsfr16                                        sfr16        00000
__Lsfr17                                        sfr17        00000
__Lsfr18                                        sfr18        00000
__Lsfr19                                        sfr19        00000
__Lsfr2                                         sfr2         00000
__Lsfr20                                        sfr20        00000
__Lsfr21                                        sfr21        00000
__Lsfr22                                        sfr22        00000
__Lsfr23                                        sfr23        00000
__Lsfr24                                        sfr24        00000
__Lsfr25                                        sfr25        00000
__Lsfr26                                        sfr26        00000
__Lsfr27                                        sfr27        00000
__Lsfr28                                        sfr28        00000
__Lsfr29                                        sfr29        00000
__Lsfr3                                         sfr3         00000
__Lsfr30                                        sfr30        00000
__Lsfr31                                        sfr31        00000
__Lsfr32                                        sfr32        00000
__Lsfr33                                        sfr33        00000
__Lsfr34                                        sfr34        00000
__Lsfr35                                        sfr35        00000
__Lsfr36                                        sfr36        00000
__Lsfr37                                        sfr37        00000
__Lsfr38                                        sfr38        00000
__Lsfr39                                        sfr39        00000
__Lsfr4                                         sfr4         00000
__Lsfr40                                        sfr40        00000
__Lsfr41                                        sfr41        00000
__Lsfr42                                        sfr42        00000
__Lsfr43                                        sfr43        00000
__Lsfr44                                        sfr44        00000
__Lsfr45                                        sfr45        00000
__Lsfr46                                        sfr46        00000
__Lsfr47                                        sfr47        00000
__Lsfr48                                        sfr48        00000
__Lsfr49                                        sfr49        00000
__Lsfr5                                         sfr5         00000
__Lsfr50                                        sfr50        00000
__Lsfr51                                        sfr51        00000
__Lsfr52                                        sfr52        00000
__Lsfr53                                        sfr53        00000
__Lsfr54                                        sfr54        00000
__Lsfr55                                        sfr55        00000
__Lsfr56                                        sfr56        00000
__Lsfr57                                        sfr57        00000
__Lsfr58                                        sfr58        00000
__Lsfr59                                        sfr59        00000
__Lsfr6                                         sfr6         00000
__Lsfr60                                        sfr60        00000
__Lsfr61                                        sfr61        00000
__Lsfr62                                        sfr62        00000
__Lsfr63                                        sfr63        00000
__Lsfr7                                         sfr7         00000
__Lsfr8                                         sfr8         00000
__Lsfr9                                         sfr9         00000
__Lspace_0                                      (abs)        00000
__Lspace_1                                      (abs)        00000
__Lspace_2                                      (abs)        00000
__Lspace_3                                      (abs)        00000
__Lstack                                        stack        00000
__Lstrings                                      strings      00000
__Lstringtext1                                  stringtext1  00000
__Lstringtext2                                  stringtext2  00000
__Lstringtext3                                  stringtext3  00000
__Lstringtext4                                  stringtext4  00000
__Lstringtext5                                  stringtext5  00000
__Lstringtext6                                  stringtext6  00000
__Lstringtext7                                  stringtext7  00000
__Lstringtext8                                  stringtext8  00000
__Ltext                                         text         00000
__S0                                            (abs)        0800C
__S1                                            (abs)        001C0
__S2                                            (abs)        00000
__S3                                            (abs)        00000
___aodiv                                        text13       004F6
___aodiv@counter                                cstackCOMMON 00071
___aodiv@dividend                               cstackBANK0  00028
___aodiv@divisor                                cstackBANK0  00020
___aodiv@quotient                               cstackCOMMON 00073
___aodiv@sign                                   cstackCOMMON 00072
___aomod                                        text12       006F1
___aomod@counter                                cstackCOMMON 00071
___aomod@dividend                               cstackBANK0  00028
___aomod@divisor                                cstackBANK0  00020
___aomod@sign                                   cstackCOMMON 00072
___bmul                                         text17       00B6F
___bmul@multiplicand                            cstackCOMMON 00070
___bmul@multiplier                              cstackCOMMON 00073
___bmul@product                                 cstackCOMMON 00072
___int_sp                                       stack        00000
___latbits                                      (abs)        00003
___sp                                           stack        00000
___stackhi                                      (abs)        027EF
___stacklo                                      (abs)        02110
__end_of_EUSART1_Initialize                     text47       007FD
__end_of_EUSART1_Read                           text53       00B4D
__end_of_EUSART1_SetErrorHandler                text50       00AD6
__end_of_EUSART1_SetFramingErrorHandler         text49       00ADC
__end_of_EUSART1_SetOverrunErrorHandler         text48       00AE2
__end_of_EUSART1_Write                          text10       00B15
__end_of_EUSART1_is_rx_ready                    text52       00ACB
__end_of_EUSART1_is_tx_ready                    text51       00B3D
__end_of_I2C1_Initialize                        text46       00B0B
__end_of_I2C1_MasterClearIrq                    text41       00A9A
__end_of_I2C1_MasterClose                       text40       00A9D
__end_of_I2C1_MasterGetRxData                   text39       00AA0
__end_of_I2C1_MasterIsNack                      text38       00AE8
__end_of_I2C1_MasterIsRxBufFull                 text37       00AC2
__end_of_I2C1_MasterOpen                        text36       00B2E
__end_of_I2C1_MasterSendNack                    text35       00AC6
__end_of_I2C1_MasterSendTxData                  text34       00AD0
__end_of_I2C1_MasterStart                       text33       00AA3
__end_of_I2C1_MasterStartRx                     text32       00AA6
__end_of_I2C1_MasterStop                        text31       00AA9
__end_of_I2C1_MasterWaitForEvent                text30       00AEE
__end_of_INTERRUPT_InterruptManager             intentry     0001C
__end_of_OSCILLATOR_Initialize                  text45       00B20
__end_of_PIN_MANAGER_Initialize                 text44       00CD5
__end_of_PMD_Initialize                         text43       00B02
__end_of_ResetA6                                text27       00AAF
__end_of_ResetA7                                text26       00AB2
__end_of_ResetB0                                text25       00AB5
__end_of_ResetB1                                text28       00AAC
__end_of_SYSTEM_Initialize                      text42       00B5D
__end_of_SetA6                                  text23       00ABB
__end_of_SetA7                                  text22       00ABE
__end_of_SetB0                                  text21       00800
__end_of_SetB1                                  text24       00AB8
__end_of_VL6180X_IdentifyDevices                text16       00DA5
__end_of_VL6180X_MeasureRange                   text15       00E61
__end_of_VL6180X_ReadRegister                   text29       006F1
__end_of_VL6180X_Reset                          text20       00BF3
__end_of_VL6180X_SetChipEnable                  text19       00BD3
__end_of_VL6180X_SetupRegisters                 text14       0022C
__end_of_VL6180X_WriteRegister                  text18       00F25
__end_of___aodiv                                text13       005F7
__end_of___aomod                                text12       007DB
__end_of___bmul                                 text17       00B84
__end_of__initialization                        cinit        00036
__end_of_abs                                    text11       00B9E
__end_of_dtoa                                   text4        0039C
__end_of_fputc                                  text8        00C8C
__end_of_fputs                                  text7        00C1C
__end_of_main                                   maintext     004F6
__end_of_pad                                    text5        00D2E
__end_of_printf                                 text1        00B6F
__end_of_putch                                  text9        00AF4
__end_of_strlen                                 text6        00BB8
__end_of_vfpfcnvrt                              text3        01000
__end_of_vfprintf                               text2        00C4D
__initialization                                cinit        0001E
__pbssBANK1                                     bssBANK1     000A0
__pbssBANK2                                     bssBANK2     00120
__pbssBANK3                                     bssBANK3     001A0
__pcstackBANK0                                  cstackBANK0  00020
__pcstackBANK1                                  cstackBANK1  000CA
__pcstackCOMMON                                 cstackCOMMON 00070
__pintentry                                     intentry     00004
__pmaintext                                     maintext     0039C
__pnvBANK1                                      nvBANK1      000E5
__pstringtext1                                  stringtext1  01000
__pstringtext2                                  stringtext2  01025
__pstringtext3                                  stringtext3  01048
__pstringtext4                                  stringtext4  0106B
__pstringtext5                                  stringtext5  01085
__pstringtext6                                  stringtext6  0109D
[...]
		line 66 in file "mcc_generated_files/eusart1.c"
 Parameters:    Size  Location     Type
		None
 Auto vars:     Size  Location     Type
		None
 Return value:  Size  Location     Type
                  1    wreg      void 
 Registers used:
		wreg, status,2, status,0, pclath, cstack
 Tracked objects:
		On entry : 
		On exit  : 
		Unchanged: 
 Data sizes:     COMMON   BANK0   BANK1   BANK2   BANK3   BANK4   BANK5   BANK6   BANK7   BANK8   BANK9  BANK10  BANK11  BANK12  BANK13  BANK14  BANK15  BANK16  BANK17  BANK18  BANK19  BANK20  BANK21  BANK22  BANK23  BANK24  BANK25
      Params:         0       0       0       0       0       0       0       0       0       0       0       0       0       0       0       0       0       0       0       0       0       0       0       0       0       0       0
      Locals:         0       0       0       0       0       0       0       0       0       0       0       0       0       0       0       0       0       0       0       0       0       0       0       0       0       0       0
      Temps:          0       0       0       0       0       0       0       0       0       0       0       0       0       0       0       0       0       0       0       0       0       0       0       0       0       0       0
      Totals:         0       0       0       0       0       0       0       0       0       0       0       0       0       0       0       0       0       0       0       0       0       0       0       0       0       0       0
Total ram usage:        0 bytes
 Hardware stack levels used:    1
 Hardware stack levels required when called:    2
 This function calls:
		_EUSART1_SetErrorHandler
		_EUSART1_SetFramingErrorHandler
		_EUSART1_SetOverrunErrorHandler
 This function is called by:
		_SYSTEM_Initialize
 This function uses a non-reentrant model


 *************** function _EUSART1_SetOverrunErrorHandler *****************
 Defined at:
		line 170 in file "mcc_generated_files/eusart1.c"
 Parameters:    Size  Location     Type
  interruptHan    2    0[COMMON] PTR FTN()void 
		 -> EUSART1_DefaultOverrunErrorHandler(1), 
 Auto vars:     Size  Location     Type
		None
 Return value:  Size  Location     Type
                  1    wreg      void 
 Registers used:
		wreg
 Tracked objects:
		On entry : 
		On exit  : 
		Unchanged: 
 Data sizes:     COMMON   BANK0   BANK1   BANK2   BANK3   BANK4   BANK5   BANK6   BANK7   BANK8   BANK9  BANK10  BANK11  BANK12  BANK13  BANK14  BANK15  BANK16  BANK17  BANK18  BANK19  BANK20  BANK21  BANK22  BANK23  BANK24  BANK25
      Params:         2       0       0       0       0       0       0       0       0       0       0       0       0       0       0       0       0       0       0       0       0       0       0       0       0       0       0
      Locals:         0       0       0       0       0       0       0       0       0       0       0       0       0       0       0       0       0       0       0       0       0       0       0       0       0       0       0
      Temps:          0       0       0       0       0       0       0       0       0       0       0       0       0       0       0       0       0       0       0       0       0       0       0       0       0       0       0
      Totals:         2       0       0       0       0       0       0       0       0       0       0       0       0       0       0       0       0       0       0       0       0       0       0       0       0       0       0
Total ram usage:        2 bytes
 Hardware stack levels used:    1
 Hardware stack levels required when called:    1
 This function calls:
		Nothing
 This function is called by:
		_EUSART1_Initialize
 This function uses a non-reentrant model


 *************** function _EUSART1_SetFramingErrorHandler *****************
 Defined at:
		line 166 in file "mcc_generated_files/eusart1.c"
 Parameters:    Size  Location     Type
  interruptHan    2    0[COMMON] PTR FTN()void 
		 -> EUSART1_DefaultFramingErrorHandler(1), 
 Auto vars:     Size  Location     Type
		None
 Return value:  Size  Location     Type
                  1    wreg      void 
 Registers used:
		wreg
 Tracked objects:
		On entry : 
		On exit  : 
		Unchanged: 
 Data sizes:     COMMON   BANK0   BANK1   BANK2   BANK3   BANK4   BANK5   BANK6   BANK7   BANK8   BANK9  BANK10  BANK11  BANK12  BANK13  BANK14  BANK15  BANK16  BANK17  BANK18  BANK19  BANK20  BANK21  BANK22  BANK23  BANK24  BANK25
      Params:         2       0       0       0       0       0       0       0       0       0       0       0       0       0       0       0       0       0       0       0       0       0       0       0       0       0       0
      Locals:         0       0       0       0       0       0       0       0       0       0       0       0       0       0       0       0       0       0       0       0       0       0       0       0       0       0       0
      Temps:          0       0       0       0       0       0       0       0       0       0       0       0       0       0       0       0       0       0       0       0       0       0       0       0       0       0       0
      Totals:         2       0       0       0       0       0       0       0       0       0       0       0       0       0       0       0       0       0       0       0       0       0       0       0       0       0       0
Total ram usage:        2 bytes
 Hardware stack levels used:    1
 Hardware stack levels required when called:    1
 This function calls:
		Nothing
 This function is called by:
		_EUSART1_Initialize
 This function uses a non-reentrant model


 *************** function _EUSART1_SetErrorHandler *****************
 Defined at:
		line 174 in file "mcc_generated_files/eusart1.c"
 Parameters:    Size  Location     Type
  interruptHan    2    0[COMMON] PTR FTN()void 
		 -> EUSART1_DefaultErrorHandler(1), 
 Auto vars:     Size  Location     Type
		None
 Return value:  Size  Location     Type
                  1    wreg      void 
 Registers used:
		wreg
 Tracked objects:
		On entry : 
		On exit  : 
		Unchanged: 
 Data sizes:     COMMON   BANK0   BANK1   BANK2   BANK3   BANK4   BANK5   BANK6   BANK7   BANK8   BANK9  BANK10  BANK11  BANK12  BANK13  BANK14  BANK15  BANK16  BANK17  BANK18  BANK19  BANK20  BANK21  BANK22  BANK23  BANK24  BANK25
      Params:         2       0       0       0       0       0       0       0       0       0       0       0       0       0       0       0       0       0       0       0       0       0       0       0       0       0       0
      Locals:         0       0       0       0       0       0       0       0       0       0       0       0       0       0       0       0       0       0       0       0       0       0       0       0       0       0       0
      Temps:          0       0       0       0       0       0       0       0       0       0       0       0       0       0       0       0       0       0       0       0       0       0       0       0       0       0       0
      Totals:         2       0       0       0       0       0       0       0       0       0       0       0       0       0       0       0       0       0       0       0       0       0       0       0       0       0       0
Total ram usage:        2 bytes
 Hardware stack levels used:    1
 Hardware stack levels required when called:    1
 This function calls:
		Nothing
 This function is called by:
		_EUSART1_Initialize
 This function uses a non-reentrant model


 *************** function _EUSART1_is_tx_ready *****************
 Defined at:
		line 94 in file "mcc_generated_files/eusart1.c"
 Parameters:    Size  Location     Type
		None
 Auto vars:     Size  Location     Type
		None
 Return value:  Size  Location     Type
                  1    wreg      _Bool 
 Registers used:
		wreg, status,2
 Tracked objects:
		On entry : 
		On exit  : 
		Unchanged: 
 Data sizes:     COMMON   BANK0   BANK1   BANK2   BANK3   BANK4   BANK5   BANK6   BANK7   BANK8   BANK9  BANK10  BANK11  BANK12  BANK13  BANK14  BANK15  BANK16  BANK17  BANK18  BANK19  BANK20  BANK21  BANK22  BANK23  BANK24  BANK25
      Params:         0       0       0       0       0       0       0       0       0       0       0       0       0       0       0       0       0       0       0       0       0       0       0       0       0       0       0
      Locals:         1       0       0       0       0       0       0       0       0       0       0       0       0       0       0       0       0       0       0       0       0       0       0       0       0       0       0
      Temps:          0       0       0       0       0       0       0       0       0       0       0       0       0       0       0       0       0       0       0       0       0       0       0       0       0       0       0
      Totals:         1       0       0       0       0       0       0       0       0       0       0       0       0       0       0       0       0       0       0       0       0       0       0       0       0       0       0
Total ram usage:        1 bytes
 Hardware stack levels used:    1
 Hardware stack levels required when called:    1
 This function calls:
		Nothing
 This function is called by:
		_main
 This function uses a non-reentrant model


 *************** function _EUSART1_is_rx_ready *****************
 Defined at:
		line 99 in file "mcc_generated_files/eusart1.c"
 Parameters:    Size  Location     Type
		None
 Auto vars:     Size  Location     Type
		None
 Return value:  Size  Location     Type
                  1    wreg      _Bool 
 Registers used:
		wreg, status,2, status,0
 Tracked objects:
		On entry : 
		On exit  : 
		Unchanged: 
 Data sizes:     COMMON   BANK0   BANK1   BANK2   BANK3   BANK4   BANK5   BANK6   BANK7   BANK8   BANK9  BANK10  BANK11  BANK12  BANK13  BANK14  BANK15  BANK16  BANK17  BANK18  BANK19  BANK20  BANK21  BANK22  BANK23  BANK24  BANK25
      Params:         0       0       0       0       0       0       0       0       0       0       0       0       0       0       0       0       0       0       0       0       0       0       0       0       0       0       0
      Locals:         0       0       0       0       0       0       0       0       0       0       0       0       0       0       0       0       0       0       0       0       0       0       0       0       0       0       0
      Temps:          0       0       0       0       0       0       0       0       0       0       0       0       0       0       0       0       0       0       0       0       0       0       0       0       0       0       0
      Totals:         0       0       0       0       0       0       0       0       0       0       0       0       0       0       0       0       0       0       0       0       0       0       0       0       0       0       0
Total ram usage:        0 bytes
 Hardware stack levels used:    1
 Hardware stack levels required when called:    1
 This function calls:
		Nothing
 This function is called by:
		_main
 This function uses a non-reentrant model


 *************** function _EUSART1_Read *****************
 Defined at:
		line 113 in file "mcc_generated_files/eusart1.c"
 Parameters:    Size  Location     Type
		None
 Auto vars:     Size  Location     Type
		None
 Return value:  Size  Location     Type
                  1    wreg      unsigned char 
 Registers used:
		wreg, status,2
 Tracked objects:
		On entry : 
		On exit  : 
		Unchanged: 
 Data sizes:     COMMON   BANK0   BANK1   BANK2   BANK3   BANK4   BANK5   BANK6   BANK7   BANK8   BANK9  BANK10  BANK11  BANK12  BANK13  BANK14  BANK15  BANK16  BANK17  BANK18  BANK19  BANK20  BANK21  BANK22  BANK23  BANK24  BANK25
      Params:         0       0       0       0       0       0       0       0       0       0       0       0       0       0       0       0       0       0       0       0       0       0       0       0       0       0       0
      Locals:         0       0       0       0       0       0       0       0       0       0       0       0       0       0       0       0       0       0       0       0       0       0       0       0       0       0       0
      Temps:          0       0       0       0       0       0       0       0       0       0       0       0       0       0       0       0       0       0       0       0       0       0       0       0       0       0       0
      Totals:         0       0       0       0       0       0       0       0       0       0       0       0       0       0       0       0       0       0       0       0       0       0       0       0       0       0       0
Total ram usage:        0 bytes
 Hardware stack levels used:    1
 Hardware stack levels required when called:    1
 This function calls:
		Nothing
 This function is called by:
		_main
		_getch
 This function uses a non-reentrant model


 *************** function _INTERRUPT_InterruptManager *****************
 Defined at:
		line 52 in file "mcc_generated_files/interrupt_manager.c"
 Parameters:    Size  Location     Type
		None
 Auto vars:     Size  Location     Type
		None
 Return value:  Size  Location     Type
                  1    wreg      void 
 Registers used:
		wreg
 Tracked objects:
		On entry : 
		On exit  : 
		Unchanged: 
 Data sizes:     COMMON   BANK0   BANK1   BANK2   BANK3   BANK4   BANK5   BANK6   BANK7   BANK8   BANK9  BANK10  BANK11  BANK12  BANK13  BANK14  BANK15  BANK16  BANK17  BANK18  BANK19  BANK20  BANK21  BANK22  BANK23  BANK24  BANK25
      Params:         0       0       0       0       0       0       0       0       0       0       0       0       0       0       0       0       0       0       0       0       0       0       0       0       0       0       0
      Locals:         0       0       0       0       0       0       0       0       0       0       0       0       0       0       0       0       0       0       0       0       0       0       0       0       0       0       0
      Temps:          0       0       0       0       0       0       0       0       0       0       0       0       0       0       0       0       0       0       0       0       0       0       0       0       0       0       0
      Totals:         0       0       0       0       0       0       0       0       0       0       0       0       0       0       0       0       0       0       0       0       0       0       0       0       0       0       0
Total ram usage:        0 bytes
 Hardware stack levels used:    1
 This function calls:
		Nothing
 This function is called by:
		Interrupt level 1
 This function uses a non-reentrant model



MODULE INFORMATION

Module		Function		Class		Link	Load	Size
C:\Program Files (x86)\Microchip\xc8\v2.10\pic\sources\c99\common\aodiv.c
		___aodiv       		CODE           	04F6	0000	258

C:\Program Files (x86)\Microchip\xc8\v2.10\pic\sources\c99\common\aodiv.c estimated size: 258

mcc_generated_files/interrupt_manager.c
		_INTERRUPT_InterruptManager		CODE           	0004	0000	25

mcc_generated_files/interrupt_manager.c estimated size: 25

C:\Program Files (x86)\Microchip\xc8\v2.10\pic\sources\c99\common\strlen.c
		_strlen        		CODE           	0B9E	0000	27

C:\Program Files (x86)\Microchip\xc8\v2.10\pic\sources\c99\common\strlen.c estimated size: 27

mcc_generated_files/pin_manager.c
		_PIN_MANAGER_Initialize		CODE           	0C8C	0000	74

mcc_generated_files/pin_manager.c estimated size: 74

C:\Program Files (x86)\Microchip\xc8\v2.10\pic\sources\c99\common\Umul8.c
		___bmul        		CODE           	0B6F	0000	22

C:\Program Files (x86)\Microchip\xc8\v2.10\pic\sources\c99\common\Umul8.c estimated size: 22

src/i2c1_master_simple.c
		_I2C1_MasterOpen		CODE           	0B20	0000	15
		_I2C1_MasterSendTxData		CODE           	0ACB	0000	6
		_I2C1_MasterStop		CODE           	0AA6	0000	4
		_I2C1_MasterStartRx		CODE           	0AA3	0000	4
		_I2C1_MasterWaitForEvent		CODE           	0AE8	0000	7
		_I2C1_MasterSendNack		CODE           	0AC2	0000	5
		_I2C1_MasterClose		CODE           	0A9A	0000	4
		_I2C1_Initialize		CODE           	0B02	0000	10
		_I2C1_MasterIsRxBufFull		CODE           	0ABE	0000	5
		_I2C1_MasterIsNack		CODE           	0AE2	0000	7
		_I2C1_MasterStart		CODE           	0AA0	0000	4
		_I2C1_MasterClearIrq		CODE           	0A97	0000	4
		_I2C1_MasterGetRxData		CODE           	0A9D	0000	4

src/i2c1_master_simple.c estimated size: 79

src/vl6180x_api.c
		_VL6180X_SetupRegisters		CODE           	003A	0000	499
		_VL6180X_MeasureRange		CODE           	0DA5	0000	189
		_VL6180X_WriteRegister		CODE           	0E61	0000	197
		_VL6180X_ReadRegister		CODE           	05F7	0000	251
		_VL6180X_SetChipEnable		CODE           	0BB8	0000	28
		_VL6180X_IdentifyDevices		CODE           	0D2E	0000	120
		_VL6180X_Reset 		CODE           	0BD3	0000	33

src/vl6180x_api.c estimated size: 1317

C:\Program Files (x86)\Microchip\xc8\v2.10\pic\sources\c99\common\doprnt.c
		_vfpfcnvrt     		CODE           	0F25	0000	220
		_pad           		CODE           	0CD5	0000	90
		_dtoa          		CODE           	022C	0000	369
		_vfprintf      		CODE           	0C1C	0000	50

C:\Program Files (x86)\Microchip\xc8\v2.10\pic\sources\c99\common\doprnt.c estimated size: 729

src/main.c
		_SetB0         		CODE           	07FD	0000	4
		_ResetB1       		CODE           	0AA9	0000	4
		_SetA7         		CODE           	0ABB	0000	4
		_ResetA6       		CODE           	0AAC	0000	4
		_SetB1         		CODE           	0AB5	0000	4
		_main          		CODE           	039C	0000	347
		_ResetB0       		CODE           	0AB2	0000	4
		_ResetA7       		CODE           	0AAF	0000	4
		_SetA6         		CODE           	0AB8	0000	4

src/main.c estimated size: 379

C:\Program Files (x86)\Microchip\xc8\v2.10\pic\sources\c99\common\nf_fputs.c
		_fputs         		CODE           	0BF3	0000	42

C:\Program Files (x86)\Microchip\xc8\v2.10\pic\sources\c99\common\nf_fputs.c estimated size: 42

shared
		__initialization		CODE           	001E	0000	25

shared estimated size: 25

mcc_generated_files/eusart1.c
		_EUSART1_is_rx_ready		CODE           	0AC6	0000	6
		_EUSART1_is_tx_ready		CODE           	0B2E	0000	16
		_EUSART1_Initialize		CODE           	07DB	0000	35
		_putch         		CODE           	0AEE	0000	7
		_EUSART1_SetFramingErrorHandler		CODE           	0AD6	0000	7
		_EUSART1_Read  		CODE           	0B3D	0000	17
		_EUSART1_SetOverrunErrorHandler		CODE           	0ADC	0000	7
		_EUSART1_SetErrorHandler		CODE           	0AD0	0000	7
		_EUSART1_Write 		CODE           	0B0B	0000	11

mcc_generated_files/eusart1.c estimated size: 113

mcc_generated_files/mcc.c
		_PMD_Initialize		CODE           	0AFA	0000	9
		_OSCILLATOR_Initialize		CODE           	0B15	0000	12
		_SYSTEM_Initialize		CODE           	0B4D	0000	17

mcc_generated_files/mcc.c estimated size: 38

C:\Program Files (x86)\Microchip\xc8\v2.10\pic\sources\c99\common\aomod.c
		___aomod       		CODE           	06F1	0000	235

C:\Program Files (x86)\Microchip\xc8\v2.10\pic\sources\c99\common\aomod.c estimated size: 235

C:\Program Files (x86)\Microchip\xc8\v2.10\pic\sources\c99\common\abs.c
		_abs           		CODE           	0B84	0000	27

C:\Program Files (x86)\Microchip\xc8\v2.10\pic\sources\c99\common\abs.c estimated size: 27

C:\Program Files (x86)\Microchip\xc8\v2.10\pic\sources\c99\common\printf.c
		_printf        		CODE           	0B5D	0000	19

C:\Program Files (x86)\Microchip\xc8\v2.10\pic\sources\c99\common\printf.c estimated size: 19

C:\Program Files (x86)\Microchip\xc8\v2.10\pic\sources\c99\common\nf_fputc.c
		_fputc         		CODE           	0C4D	0000	64

C:\Program Files (x86)\Microchip\xc8\v2.10\pic\sources\c99\common\nf_fputc.c estimated size: 64

